Archive member included to satisfy reference by file (symbol)

d:/university/external courses/imt-wazeefa tech/tools/imt_sdk_win_64/winarm/armgcc/bin/../lib/gcc/arm-none-eabi/7.2.1/../../../../arm-none-eabi/lib/thumb/v7e-m\libg_nano.a(lib_a-errno.o)
                              ./system/src/newlib/_sbrk.o (__errno)
d:/university/external courses/imt-wazeefa tech/tools/imt_sdk_win_64/winarm/armgcc/bin/../lib/gcc/arm-none-eabi/7.2.1/../../../../arm-none-eabi/lib/thumb/v7e-m\libg_nano.a(lib_a-impure.o)
                              d:/university/external courses/imt-wazeefa tech/tools/imt_sdk_win_64/winarm/armgcc/bin/../lib/gcc/arm-none-eabi/7.2.1/../../../../arm-none-eabi/lib/thumb/v7e-m\libg_nano.a(lib_a-errno.o) (_impure_ptr)
d:/university/external courses/imt-wazeefa tech/tools/imt_sdk_win_64/winarm/armgcc/bin/../lib/gcc/arm-none-eabi/7.2.1/../../../../arm-none-eabi/lib/thumb/v7e-m\libg_nano.a(lib_a-sprintf.o)
                              ./src/main.o (sprintf)
d:/university/external courses/imt-wazeefa tech/tools/imt_sdk_win_64/winarm/armgcc/bin/../lib/gcc/arm-none-eabi/7.2.1/../../../../arm-none-eabi/lib/thumb/v7e-m\libg_nano.a(lib_a-strlen.o)
                              ./system/src/diag/Trace.o (strlen)
d:/university/external courses/imt-wazeefa tech/tools/imt_sdk_win_64/winarm/armgcc/bin/../lib/gcc/arm-none-eabi/7.2.1/../../../../arm-none-eabi/lib/thumb/v7e-m\libg_nano.a(lib_a-vsnprintf.o)
                              ./system/src/diag/Trace.o (vsnprintf)
d:/university/external courses/imt-wazeefa tech/tools/imt_sdk_win_64/winarm/armgcc/bin/../lib/gcc/arm-none-eabi/7.2.1/../../../../arm-none-eabi/lib/thumb/v7e-m\libg_nano.a(lib_a-nano-svfprintf.o)
                              d:/university/external courses/imt-wazeefa tech/tools/imt_sdk_win_64/winarm/armgcc/bin/../lib/gcc/arm-none-eabi/7.2.1/../../../../arm-none-eabi/lib/thumb/v7e-m\libg_nano.a(lib_a-sprintf.o) (_svfprintf_r)
d:/university/external courses/imt-wazeefa tech/tools/imt_sdk_win_64/winarm/armgcc/bin/../lib/gcc/arm-none-eabi/7.2.1/../../../../arm-none-eabi/lib/thumb/v7e-m\libg_nano.a(lib_a-nano-vfprintf_i.o)
                              d:/university/external courses/imt-wazeefa tech/tools/imt_sdk_win_64/winarm/armgcc/bin/../lib/gcc/arm-none-eabi/7.2.1/../../../../arm-none-eabi/lib/thumb/v7e-m\libg_nano.a(lib_a-nano-svfprintf.o) (_printf_i)
d:/university/external courses/imt-wazeefa tech/tools/imt_sdk_win_64/winarm/armgcc/bin/../lib/gcc/arm-none-eabi/7.2.1/../../../../arm-none-eabi/lib/thumb/v7e-m\libg_nano.a(lib_a-memchr.o)
                              d:/university/external courses/imt-wazeefa tech/tools/imt_sdk_win_64/winarm/armgcc/bin/../lib/gcc/arm-none-eabi/7.2.1/../../../../arm-none-eabi/lib/thumb/v7e-m\libg_nano.a(lib_a-nano-svfprintf.o) (memchr)
d:/university/external courses/imt-wazeefa tech/tools/imt_sdk_win_64/winarm/armgcc/bin/../lib/gcc/arm-none-eabi/7.2.1/../../../../arm-none-eabi/lib/thumb/v7e-m\libg_nano.a(lib_a-memcpy-stub.o)
                              d:/university/external courses/imt-wazeefa tech/tools/imt_sdk_win_64/winarm/armgcc/bin/../lib/gcc/arm-none-eabi/7.2.1/../../../../arm-none-eabi/lib/thumb/v7e-m\libg_nano.a(lib_a-nano-svfprintf.o) (memcpy)
d:/university/external courses/imt-wazeefa tech/tools/imt_sdk_win_64/winarm/armgcc/bin/../lib/gcc/arm-none-eabi/7.2.1/../../../../arm-none-eabi/lib/thumb/v7e-m\libg_nano.a(lib_a-memmove.o)
                              d:/university/external courses/imt-wazeefa tech/tools/imt_sdk_win_64/winarm/armgcc/bin/../lib/gcc/arm-none-eabi/7.2.1/../../../../arm-none-eabi/lib/thumb/v7e-m\libg_nano.a(lib_a-nano-svfprintf.o) (memmove)
d:/university/external courses/imt-wazeefa tech/tools/imt_sdk_win_64/winarm/armgcc/bin/../lib/gcc/arm-none-eabi/7.2.1/../../../../arm-none-eabi/lib/thumb/v7e-m\libg_nano.a(lib_a-nano-freer.o)
                              d:/university/external courses/imt-wazeefa tech/tools/imt_sdk_win_64/winarm/armgcc/bin/../lib/gcc/arm-none-eabi/7.2.1/../../../../arm-none-eabi/lib/thumb/v7e-m\libg_nano.a(lib_a-nano-svfprintf.o) (_free_r)
d:/university/external courses/imt-wazeefa tech/tools/imt_sdk_win_64/winarm/armgcc/bin/../lib/gcc/arm-none-eabi/7.2.1/../../../../arm-none-eabi/lib/thumb/v7e-m\libg_nano.a(lib_a-nano-mallocr.o)
                              d:/university/external courses/imt-wazeefa tech/tools/imt_sdk_win_64/winarm/armgcc/bin/../lib/gcc/arm-none-eabi/7.2.1/../../../../arm-none-eabi/lib/thumb/v7e-m\libg_nano.a(lib_a-nano-svfprintf.o) (_malloc_r)
d:/university/external courses/imt-wazeefa tech/tools/imt_sdk_win_64/winarm/armgcc/bin/../lib/gcc/arm-none-eabi/7.2.1/../../../../arm-none-eabi/lib/thumb/v7e-m\libg_nano.a(lib_a-nano-reallocr.o)
                              d:/university/external courses/imt-wazeefa tech/tools/imt_sdk_win_64/winarm/armgcc/bin/../lib/gcc/arm-none-eabi/7.2.1/../../../../arm-none-eabi/lib/thumb/v7e-m\libg_nano.a(lib_a-nano-svfprintf.o) (_realloc_r)
[...]
Memory Configuration

Name             Origin             Length             Attributes
RAM              0x20000000         0x00010000         xrw
CCMRAM           0x10000000         0x00000000         xrw
FLASH            0x08000000         0x00040000         xr
FLASHB1          0x00000000         0x00000000         xr
EXTMEMB0         0x00000000         0x00000000         xr
EXTMEMB1         0x00000000         0x00000000         xr
EXTMEMB2         0x00000000         0x00000000         xr
EXTMEMB3         0x00000000         0x00000000         xr
*default*        0x00000000         0xffffffff

Linker script and memory map

LOAD ./system/src/stm32f4-hal/stm32f4xx_hal.o
LOAD ./system/src/stm32f4-hal/stm32f4xx_hal_cortex.o
LOAD ./system/src/stm32f4-hal/stm32f4xx_hal_dfsdm.o
LOAD ./system/src/stm32f4-hal/stm32f4xx_hal_flash.o
LOAD ./system/src/stm32f4-hal/stm32f4xx_hal_gpio.o
LOAD ./system/src/stm32f4-hal/stm32f4xx_hal_iwdg.o
LOAD ./system/src/stm32f4-hal/stm32f4xx_hal_pwr.o
LOAD ./system/src/stm32f4-hal/stm32f4xx_hal_rcc.o
LOAD ./system/src/newlib/_cxx.o
LOAD ./system/src/newlib/_exit.o
LOAD ./system/src/newlib/_sbrk.o
LOAD ./system/src/newlib/_startup.o
LOAD ./system/src/newlib/_syscalls.o
LOAD ./system/src/newlib/assert.o
LOAD ./system/src/diag/Trace.o
LOAD ./system/src/diag/trace_impl.o
LOAD ./system/src/cortexm/_initialize_hardware.o
LOAD ./system/src/cortexm/_reset_hardware.o
LOAD ./system/src/cortexm/exception_handlers.o
LOAD ./system/src/cmsis/system_stm32f4xx.o
LOAD ./system/src/cmsis/vectors_stm32f401xc.o
LOAD ./src/HIR_program.o
LOAD ./src/HKPD_program.o
LOAD ./src/HR2RDAC_program.o
LOAD ./src/HSTP_program.o
LOAD ./src/HTFT_program.o
LOAD ./src/MEXTI_program.o
LOAD ./src/MGPIO_program.o
LOAD ./src/MNVIC_program.o
LOAD ./src/MRCC_program.o
LOAD ./src/MRTC_program.o
LOAD ./src/MSPI_program.o
LOAD ./src/MSYSTICK_program.o
LOAD ./src/_initialize_hardware.o
LOAD ./src/_write.o
LOAD ./src/main.o
LOAD ./src/stm32f4xx_hal_msp.o
LOAD d:/university/external courses/imt-wazeefa tech/tools/imt_sdk_win_64/winarm/armgcc/bin/../lib/gcc/arm-none-eabi/7.2.1/../../../../arm-none-eabi/lib/thumb/v7e-m\libstdc++_nano.a
LOAD d:/university/external courses/imt-wazeefa tech/tools/imt_sdk_win_64/winarm/armgcc/bin/../lib/gcc/arm-none-eabi/7.2.1/../../../../arm-none-eabi/lib/thumb/v7e-m\libm.a
START GROUP
LOAD d:/university/external courses/imt-wazeefa tech/tools/imt_sdk_win_64/winarm/armgcc/bin/../lib/gcc/arm-none-eabi/7.2.1/thumb/v7e-m\libgcc.a
LOAD d:/university/external courses/imt-wazeefa tech/tools/imt_sdk_win_64/winarm/armgcc/bin/../lib/gcc/arm-none-eabi/7.2.1/../../../../arm-none-eabi/lib/thumb/v7e-m\libg_nano.a
LOAD d:/university/external courses/imt-wazeefa tech/tools/imt_sdk_win_64/winarm/armgcc/bin/../lib/gcc/arm-none-eabi/7.2.1/../../../../arm-none-eabi/lib/thumb/v7e-m\libc_nano.a
END GROUP
START GROUP
LOAD d:/university/external courses/imt-wazeefa tech/tools/imt_sdk_win_64/winarm/armgcc/bin/../lib/gcc/arm-none-eabi/7.2.1/thumb/v7e-m\libgcc.a
LOAD d:/university/external courses/imt-wazeefa tech/tools/imt_sdk_win_64/winarm/armgcc/bin/../lib/gcc/arm-none-eabi/7.2.1/../../../../arm-none-eabi/lib/thumb/v7e-m\libc_nano.a
END GROUP
                0x20010000                __stack = (ORIGIN (RAM) + LENGTH (RAM))
                0x20010000                _estack = __stack
                0x00000400                __Main_Stack_Size = 0x400
                [!provide]                PROVIDE (_Main_Stack_Size, __Main_Stack_Size)
                0x2000fc00                __Main_Stack_Limit = (__stack - __Main_Stack_Size)
                [!provide]                PROVIDE (_Main_Stack_Limit, __Main_Stack_Limit)
                0x00000100                _Minimum_Stack_Size = 0x100
                0x20004db0                PROVIDE (_Heap_Begin, _end_noinit)
                0x2000fc00                PROVIDE (_Heap_Limit, (__stack - __Main_Stack_Size))

.isr_vector     0x08000000      0x3f4
 FILL mask 0xff
                0x08000000                __vectors_start = ABSOLUTE (.)
                0x08000000                __vectors_start__ = ABSOLUTE (.)
 *(.isr_vector)
 .isr_vector    0x08000000      0x194 ./system/src/cmsis/vectors_stm32f401xc.o
                0x08000000                __isr_vectors
 *(.cfmconfig)
 *(.after_vectors .after_vectors.*)
 .after_vectors
                0x08000194      0x130 ./system/src/newlib/_startup.o
                0x08000194                _start
 .after_vectors
                0x080002c4      0x12c ./system/src/cortexm/exception_handlers.o
                0x080002c4                Reset_Handler
                0x080002ca                NMI_Handler
                0x080002ce                HardFault_Handler
                0x080002e2                HardFault_Handler_C
                0x08000340                MemManage_Handler
                0x08000344                BusFault_Handler
                0x08000358                BusFault_Handler_C
                0x0800038c                UsageFault_Handler
                0x080003a0                UsageFault_Handler_C
                0x080003d4                SVC_Handler
                0x080003d8                DebugMon_Handler
                0x080003dc                PendSV_Handler
 .after_vectors
                0x080003f0        0x4 ./system/src/cmsis/vectors_stm32f401xc.o
                0x080003f0                RTC_Alarm_IRQHandler
                0x080003f0                EXTI2_IRQHandler
                0x080003f0                SPI4_IRQHandler
                0x080003f0                TIM1_CC_IRQHandler
                0x080003f0                DMA2_Stream5_IRQHandler
                0x080003f0                DMA1_Stream5_IRQHandler
                0x080003f0                PVD_IRQHandler
                0x080003f0                SDIO_IRQHandler
                0x080003f0                TAMP_STAMP_IRQHandler
                0x080003f0                EXTI3_IRQHandler
                0x080003f0                TIM1_UP_TIM10_IRQHandler
                0x080003f0                I2C3_ER_IRQHandler
                0x080003f0                I2C2_EV_IRQHandler
                0x080003f0                DMA1_Stream2_IRQHandler
                0x080003f0                FPU_IRQHandler
                0x080003f0                DMA2_Stream2_IRQHandler
                0x080003f0                SPI1_IRQHandler
                0x080003f0                TIM1_BRK_TIM9_IRQHandler
                0x080003f0                DMA2_Stream3_IRQHandler
                0x080003f0                USART6_IRQHandler
                0x080003f0                DMA2_Stream0_IRQHandler
                0x080003f0                TIM4_IRQHandler
                0x080003f0                I2C1_EV_IRQHandler
                0x080003f0                DMA1_Stream6_IRQHandler
                0x080003f0                DMA1_Stream1_IRQHandler
                0x080003f0                TIM3_IRQHandler
                0x080003f0                RCC_IRQHandler
                0x080003f0                Default_Handler
                0x080003f0                EXTI15_10_IRQHandler
                0x080003f0                ADC_IRQHandler
                0x080003f0                DMA1_Stream7_IRQHandler
                0x080003f0                TIM5_IRQHandler
                0x080003f0                DMA2_Stream7_IRQHandler
                0x080003f0                I2C3_EV_IRQHandler
                0x080003f0                EXTI9_5_IRQHandler
                0x080003f0                RTC_WKUP_IRQHandler
                0x080003f0                SPI2_IRQHandler
                0x080003f0                DMA1_Stream0_IRQHandler
                0x080003f0                EXTI4_IRQHandler
                0x080003f0                WWDG_IRQHandler
                0x080003f0                TIM2_IRQHandler
                0x080003f0                OTG_FS_WKUP_IRQHandler
                0x080003f0                TIM1_TRG_COM_TIM11_IRQHandler
                0x080003f0                USART2_IRQHandler
                0x080003f0                I2C2_ER_IRQHandler
                0x080003f0                DMA2_Stream1_IRQHandler
                0x080003f0                FLASH_IRQHandler
                0x080003f0                DMA2_Stream4_IRQHandler
                0x080003f0                USART1_IRQHandler
                0x080003f0                OTG_FS_IRQHandler
                0x080003f0                SPI3_IRQHandler
                0x080003f0                DMA1_Stream4_IRQHandler
                0x080003f0                I2C1_ER_IRQHandler
                0x080003f0                DMA2_Stream6_IRQHandler
                0x080003f0                DMA1_Stream3_IRQHandler

.inits          0x080003f4       0x28
                0x080003f4                __data_regions_array_start = .
                0x080003f4        0x4 LONG 0x80350b0 LOADADDR (.data)
                0x080003f8        0x4 LONG 0x20000000 ADDR (.data)
                0x080003fc        0x4 LONG 0x20004bbc (ADDR (.data) + SIZEOF (.data))
                0x08000400        0x4 LONG 0x80350b0 LOADADDR (.data_CCMRAM)
                0x08000404        0x4 LONG 0x10000000 ADDR (.data_CCMRAM)
                0x08000408        0x4 LONG 0x10000000 (ADDR (.data_CCMRAM) + SIZEOF (.data_CCMRAM))
                0x0800040c                __data_regions_array_end = .
                0x0800040c                __bss_regions_array_start = .
                0x0800040c        0x4 LONG 0x20004bbc ADDR (.bss)
                0x08000410        0x4 LONG 0x20004db0 (ADDR (.bss) + SIZEOF (.bss))
                0x08000414        0x4 LONG 0x10000000 ADDR (.bss_CCMRAM)
                0x08000418        0x4 LONG 0x10000000 (ADDR (.bss_CCMRAM) + SIZEOF (.bss_CCMRAM))
                0x0800041c                __bss_regions_array_end = .
 *(.init)
 *(.fini)
                0x0800041c                . = ALIGN (0x4)
                0x0800041c                PROVIDE (__preinit_array_start, .)
 *(.preinit_array_sysinit .preinit_array_sysinit.*)
 *(.preinit_array_platform .preinit_array_platform.*)
 *(.preinit_array .preinit_array.*)
                0x0800041c                PROVIDE (__preinit_array_end, .)
                0x0800041c                . = ALIGN (0x4)
                0x0800041c                PROVIDE (__init_array_start, .)
 *(SORT_BY_NAME(.init_array.*))
 *(.init_array)
                0x0800041c                PROVIDE (__init_array_end, .)
                0x0800041c                . = ALIGN (0x4)
                0x0800041c                PROVIDE (__fini_array_start, .)
 *(SORT_BY_NAME(.fini_array.*))
 *(.fini_array)
                0x0800041c                PROVIDE (__fini_array_end, .)

.flashtext
 *(.flashtext .flashtext.*)

.text           0x08000420    0x34c8f
 *(.text .text.*)
 .text.HAL_InitTick
                0x08000420       0x2c ./system/src/stm32f4-hal/stm32f4xx_hal.o
                0x08000420                HAL_InitTick
 .text.HAL_Init
                0x0800044c       0x34 ./system/src/stm32f4-hal/stm32f4xx_hal.o
                0x0800044c                HAL_Init
 .text.HAL_GetTick
                0x08000480        0xc ./system/src/stm32f4-hal/stm32f4xx_hal.o
                0x08000480                HAL_GetTick
 .text.HAL_NVIC_SetPriorityGrouping
                0x0800048c       0x3c ./system/src/stm32f4-hal/stm32f4xx_hal_cortex.o
                0x0800048c                HAL_NVIC_SetPriorityGrouping
 .text.HAL_NVIC_SetPriority
                0x080004c8       0x8c ./system/src/stm32f4-hal/stm32f4xx_hal_cortex.o
                0x080004c8                HAL_NVIC_SetPriority
 .text.HAL_SYSTICK_Config
                0x08000554       0x2c ./system/src/stm32f4-hal/stm32f4xx_hal_cortex.o
                0x08000554                HAL_SYSTICK_Config
 .text.HAL_SYSTICK_CLKSourceConfig
                0x08000580       0x3c ./system/src/stm32f4-hal/stm32f4xx_hal_cortex.o
                0x08000580                HAL_SYSTICK_CLKSourceConfig
 .text.HAL_RCC_OscConfig
                0x080005bc      0x43c ./system/src/stm32f4-hal/stm32f4xx_hal_rcc.o
                0x080005bc                HAL_RCC_OscConfig
 .text.HAL_RCC_GetSysClockFreq
                0x080009f8       0x88 ./system/src/stm32f4-hal/stm32f4xx_hal_rcc.o
                0x080009f8                HAL_RCC_GetSysClockFreq
 .text.HAL_RCC_ClockConfig
                0x08000a80      0x258 ./system/src/stm32f4-hal/stm32f4xx_hal_rcc.o
                0x08000a80                HAL_RCC_ClockConfig
 .text.HAL_RCC_GetHCLKFreq
                0x08000cd8        0xc ./system/src/stm32f4-hal/stm32f4xx_hal_rcc.o
                0x08000cd8                HAL_RCC_GetHCLKFreq
 .text._exit    0x08000ce4        0x2 ./system/src/newlib/_exit.o
                0x08000ce4                _exit
 *fill*         0x08000ce6        0x2 
 .text.abort    0x08000ce8       0x14 ./system/src/newlib/_exit.o
                0x08000ce8                abort
 .text._sbrk    0x08000cfc       0x44 ./system/src/newlib/_sbrk.o
                0x08000cfc                _sbrk
 .text.__initialize_args
                0x08000d40       0x10 ./system/src/newlib/_syscalls.o
                0x08000d40                __initialize_args
 .text.assert_failed
                0x08000d50       0x14 ./system/src/newlib/assert.o
                0x08000d50                assert_failed
 .text.trace_printf
                0x08000d64       0x30 ./system/src/diag/Trace.o
                0x08000d64                trace_printf
 .text.trace_puts
                0x08000d94       0x20 ./system/src/diag/Trace.o
                0x08000d94                trace_puts
 .text._trace_write_semihosting_debug
                0x08000db4       0x60 ./system/src/diag/trace_impl.o
 .text.trace_write
                0x08000e14        0x8 ./system/src/diag/trace_impl.o
                0x08000e14                trace_write
 .text.__initialize_hardware_early
                0x08000e1c       0x18 ./system/src/cortexm/_initialize_hardware.o
                0x08000e1c                __initialize_hardware_early
 .text.dumpExceptionStack
                0x08000e34       0xf4 ./system/src/cortexm/exception_handlers.o
                0x08000e34                dumpExceptionStack
 .text.isSemihosting
                0x08000f28       0x20 ./system/src/cortexm/exception_handlers.o
                0x08000f28                isSemihosting
 .text.SystemInit
                0x08000f48       0x40 ./system/src/cmsis/system_stm32f4xx.o
                0x08000f48                SystemInit
 .text.SystemCoreClockUpdate
                0x08000f88       0x9c ./system/src/cmsis/system_stm32f4xx.o
                0x08000f88                SystemCoreClockUpdate
 .text.voidPlay
                0x08001024       0x3c ./src/HIR_program.o
                0x08001024                voidPlay
 .text.voidTackAction
                0x08001060       0x90 ./src/HIR_program.o
                0x08001060                voidTackAction
 .text.voidGetFrame
                0x080010f0       0x50 ./src/HIR_program.o
                0x080010f0                voidGetFrame
 .text.HKPD_voidInit
                0x08001140       0x50 ./src/HKPD_program.o
                0x08001140                HKPD_voidInit
 .text.HKPD_u8GetKey
                0x08001190       0x7c ./src/HKPD_program.o
                0x08001190                HKPD_u8GetKey
 .text.HR2RDAC_voidInit
                0x0800120c       0xb4 ./src/HR2RDAC_program.o
                0x0800120c                HR2RDAC_voidInit
 .text.HR2RDAC_voidSetData
                0x080012c0       0x7a ./src/HR2RDAC_program.o
                0x080012c0                HR2RDAC_voidSetData
 .text.HSTP_voidInit
                0x0800133a       0x22 ./src/HSTP_program.o
                0x0800133a                HSTP_voidInit
 .text.HSTP_voidSendDataSynch
                0x0800135c       0x62 ./src/HSTP_program.o
                0x0800135c                HSTP_voidSendDataSynch
 .text.HTFT_voidReset
                0x080013be       0x54 ./src/HTFT_program.o
 .text.HTFT_WriteData
                0x08001412       0x16 ./src/HTFT_program.o
 .text.HTFT_WriteCommand
                0x08001428       0x16 ./src/HTFT_program.o
 .text.HTFT_voidInit
                0x0800143e       0x26 ./src/HTFT_program.o
                0x0800143e                HTFT_voidInit
 .text.HTFT_voidDisplay
                0x08001464       0x70 ./src/HTFT_program.o
                0x08001464                HTFT_voidDisplay
 .text.HTFT_voidDrawRectangle
                0x080014d4       0x82 ./src/HTFT_program.o
                0x080014d4                HTFT_voidDrawRectangle
 *fill*         0x08001556        0x2 
 .text.HTFT_voidDrawCharacter
                0x08001558       0x94 ./src/HTFT_program.o
                0x08001558                HTFT_voidDrawCharacter
 .text.MEXTI_voidInerruptSetPort
                0x080015ec       0x34 ./src/MEXTI_program.o
                0x080015ec                MEXTI_voidInerruptSetPort
 .text.MEXTI_voidInterruptEnableDisable
                0x08001620       0x30 ./src/MEXTI_program.o
                0x08001620                MEXTI_voidInterruptEnableDisable
 .text.MEXTI_voidInterruptTrigger
                0x08001650       0x58 ./src/MEXTI_program.o
                0x08001650                MEXTI_voidInterruptTrigger
 .text.MEXTI0_voidCallBack
                0x080016a8        0xc ./src/MEXTI_program.o
                0x080016a8                MEXTI0_voidCallBack
 .text.EXTI0_IRQHandler
                0x080016b4       0x1c ./src/MEXTI_program.o
                0x080016b4                EXTI0_IRQHandler
 .text.EXTI1_IRQHandler
                0x080016d0       0x1c ./src/MEXTI_program.o
                0x080016d0                EXTI1_IRQHandler
 .text.MGPIO_voidSetMode
                0x080016ec       0x8c ./src/MGPIO_program.o
                0x080016ec                MGPIO_voidSetMode
 .text.MGPIO_voidSetOutputPinMode
                0x08001778       0xc8 ./src/MGPIO_program.o
                0x08001778                MGPIO_voidSetOutputPinMode
 .text.MGPIO_voidSetInputPinMode
                0x08001840       0x8c ./src/MGPIO_program.o
                0x08001840                MGPIO_voidSetInputPinMode
 .text.MGPIO_u32GetPinValue
                0x080018cc       0x40 ./src/MGPIO_program.o
                0x080018cc                MGPIO_u32GetPinValue
 .text.MGPIO_voidSetPinValue
                0x0800190c       0x88 ./src/MGPIO_program.o
                0x0800190c                MGPIO_voidSetPinValue
 .text.MGPIO_voidSetAlt
                0x08001994      0x104 ./src/MGPIO_program.o
                0x08001994                MGPIO_voidSetAlt
 .text.MNVIC_voidEnableInterrupt
                0x08001a98       0x24 ./src/MNVIC_program.o
                0x08001a98                MNVIC_voidEnableInterrupt
 .text.MNVIC_voidSetInterruptGroupMode
                0x08001abc       0x1c ./src/MNVIC_program.o
                0x08001abc                MNVIC_voidSetInterruptGroupMode
 .text.MNVIC_voidSetInterruptPriority
                0x08001ad8       0x80 ./src/MNVIC_program.o
                0x08001ad8                MNVIC_voidSetInterruptPriority
 .text.MRCC_voidInitClk
                0x08001b58       0x34 ./src/MRCC_program.o
                0x08001b58                MRCC_voidInitClk
 .text.MRCC_voidEnablePeripheralClk
                0x08001b8c       0x50 ./src/MRCC_program.o
                0x08001b8c                MRCC_voidEnablePeripheralClk
 .text.MRTC_voidGet_Time
                0x08001bdc       0x20 ./src/MRTC_program.o
                0x08001bdc                MRTC_voidGet_Time
 .text.MRTC_voidGet_Date
                0x08001bfc       0x24 ./src/MRTC_program.o
                0x08001bfc                MRTC_voidGet_Date
 .text.RCC_LSE_ENABLE
                0x08001c20       0x1c ./src/MRTC_program.o
                0x08001c20                RCC_LSE_ENABLE
 .text.RTC_WPR_DISALBE
                0x08001c3c       0x10 ./src/MRTC_program.o
                0x08001c3c                RTC_WPR_DISALBE
 .text.MRTC_voidInit
                0x08001c4c       0x78 ./src/MRTC_program.o
                0x08001c4c                MRTC_voidInit
 .text.MRTC_voidSet_Time
                0x08001cc4       0x9c ./src/MRTC_program.o
                0x08001cc4                MRTC_voidSet_Time
 .text.MRTC_voidStart
                0x08001d60       0x1c ./src/MRTC_program.o
                0x08001d60                MRTC_voidStart
 .text.MRTC_voidSet_Date
                0x08001d7c       0xa0 ./src/MRTC_program.o
                0x08001d7c                MRTC_voidSet_Date
 .text.MSPI1_voidInit
                0x08001e1c       0x50 ./src/MSPI_program.o
                0x08001e1c                MSPI1_voidInit
 .text.MSPI1_u16Transceive
                0x08001e6c       0x1c ./src/MSPI_program.o
                0x08001e6c                MSPI1_u16Transceive
 .text.MSYSTICK_voidInit
                0x08001e88       0x10 ./src/MSYSTICK_program.o
                0x08001e88                MSYSTICK_voidInit
 .text.MSYSTICK_voidStart
                0x08001e98       0x18 ./src/MSYSTICK_program.o
                0x08001e98                MSYSTICK_voidStart
 .text.MSYSTICK_voidReadFlag
                0x08001eb0       0x10 ./src/MSYSTICK_program.o
                0x08001eb0                MSYSTICK_voidReadFlag
 .text.MSYSTICK_voidCtrlIntState
                0x08001ec0       0x24 ./src/MSYSTICK_program.o
                0x08001ec0                MSYSTICK_voidCtrlIntState
 .text.MSYSTICK_voidDelayUs
                0x08001ee4       0x1a ./src/MSYSTICK_program.o
                0x08001ee4                MSYSTICK_voidDelayUs
 .text.MSYSTICK_voidDelayms
                0x08001efe       0x20 ./src/MSYSTICK_program.o
                0x08001efe                MSYSTICK_voidDelayms
 *fill*         0x08001f1e        0x2 
 .text.MSYSTICK_u32GetElapsedTime
                0x08001f20       0x10 ./src/MSYSTICK_program.o
                0x08001f20                MSYSTICK_u32GetElapsedTime
 .text.MSYSTICK_voidSetInterval_single
                0x08001f30       0x1c ./src/MSYSTICK_program.o
                0x08001f30                MSYSTICK_voidSetInterval_single
 .text.SysTick_Handler
                0x08001f4c       0x24 ./src/MSYSTICK_program.o
                0x08001f4c                SysTick_Handler
 .text.SystemClock_Config
                0x08001f70       0x98 ./src/_initialize_hardware.o
                0x08001f70                SystemClock_Config
 .text.__initialize_hardware
                0x08002008       0x10 ./src/_initialize_hardware.o
                0x08002008                __initialize_hardware
 .text.LED_MATRIX_ON
                0x08002018       0x74 ./src/main.o
                0x08002018                LED_MATRIX_ON
 .text.main     0x0800208c      0x230 ./src/main.o
                0x0800208c                main
 .text.HAL_MspInit
                0x080022bc        0x2 ./src/stm32f4xx_hal_msp.o
                0x080022bc                HAL_MspInit
 *fill*         0x080022be        0x2 
 .text.__errno  0x080022c0        0xc d:/university/external courses/imt-wazeefa tech/tools/imt_sdk_win_64/winarm/armgcc/bin/../lib/gcc/arm-none-eabi/7.2.1/../../../../arm-none-eabi/lib/thumb/v7e-m\libg_nano.a(lib_a-errno.o)
                0x080022c0                __errno
 .text.sprintf  0x080022cc       0x40 d:/university/external courses/imt-wazeefa tech/tools/imt_sdk_win_64/winarm/armgcc/bin/../lib/gcc/arm-none-eabi/7.2.1/../../../../arm-none-eabi/lib/thumb/v7e-m\libg_nano.a(lib_a-sprintf.o)
                0x080022cc                siprintf
                0x080022cc                sprintf
 .text          0x0800230c       0x10 d:/university/external courses/imt-wazeefa tech/tools/imt_sdk_win_64/winarm/armgcc/bin/../lib/gcc/arm-none-eabi/7.2.1/../../../../arm-none-eabi/lib/thumb/v7e-m\libg_nano.a(lib_a-strlen.o)
                0x0800230c                strlen
 .text._vsnprintf_r
                0x0800231c       0x58 d:/university/external courses/imt-wazeefa tech/tools/imt_sdk_win_64/winarm/armgcc/bin/../lib/gcc/arm-none-eabi/7.2.1/../../../../arm-none-eabi/lib/thumb/v7e-m\libg_nano.a(lib_a-vsnprintf.o)
                0x0800231c                _vsniprintf_r
                0x0800231c                _vsnprintf_r
 .text.vsnprintf
                0x08002374       0x1c d:/university/external courses/imt-wazeefa tech/tools/imt_sdk_win_64/winarm/armgcc/bin/../lib/gcc/arm-none-eabi/7.2.1/../../../../arm-none-eabi/lib/thumb/v7e-m\libg_nano.a(lib_a-vsnprintf.o)
                0x08002374                vsniprintf
                0x08002374                vsnprintf
 .text.__ssputs_r
                0x08002390       0xb4 d:/university/external courses/imt-wazeefa tech/tools/imt_sdk_win_64/winarm/armgcc/bin/../lib/gcc/arm-none-eabi/7.2.1/../../../../arm-none-eabi/lib/thumb/v7e-m\libg_nano.a(lib_a-nano-svfprintf.o)
                0x08002390                __ssputs_r
 .text._svfprintf_r
                0x08002444      0x1ec d:/university/external courses/imt-wazeefa tech/tools/imt_sdk_win_64/winarm/armgcc/bin/../lib/gcc/arm-none-eabi/7.2.1/../../../../arm-none-eabi/lib/thumb/v7e-m\libg_nano.a(lib_a-nano-svfprintf.o)
                0x08002444                _svfiprintf_r
                0x08002444                _svfprintf_r
 .text._printf_common
                0x08002630       0xea d:/university/external courses/imt-wazeefa tech/tools/imt_sdk_win_64/winarm/armgcc/bin/../lib/gcc/arm-none-eabi/7.2.1/../../../../arm-none-eabi/lib/thumb/v7e-m\libg_nano.a(lib_a-nano-vfprintf_i.o)
                0x08002630                _printf_common
 *fill*         0x0800271a        0x2 
 .text._printf_i
                0x0800271c      0x224 d:/university/external courses/imt-wazeefa tech/tools/imt_sdk_win_64/winarm/armgcc/bin/../lib/gcc/arm-none-eabi/7.2.1/../../../../arm-none-eabi/lib/thumb/v7e-m\libg_nano.a(lib_a-nano-vfprintf_i.o)
                0x0800271c                _printf_i
 .text          0x08002940       0xa0 d:/university/external courses/imt-wazeefa tech/tools/imt_sdk_win_64/winarm/armgcc/bin/../lib/gcc/arm-none-eabi/7.2.1/../../../../arm-none-eabi/lib/thumb/v7e-m\libg_nano.a(lib_a-memchr.o)
                0x08002940                memchr
 .text.memcpy   0x080029e0       0x16 d:/university/external courses/imt-wazeefa tech/tools/imt_sdk_win_64/winarm/armgcc/bin/../lib/gcc/arm-none-eabi/7.2.1/../../../../arm-none-eabi/lib/thumb/v7e-m\libg_nano.a(lib_a-memcpy-stub.o)
                0x080029e0                memcpy
 .text.memmove  0x080029f6       0x32 d:/university/external courses/imt-wazeefa tech/tools/imt_sdk_win_64/winarm/armgcc/bin/../lib/gcc/arm-none-eabi/7.2.1/../../../../arm-none-eabi/lib/thumb/v7e-m\libg_nano.a(lib_a-memmove.o)
                0x080029f6                memmove
 .text._free_r  0x08002a28       0x9c d:/university/external courses/imt-wazeefa tech/tools/imt_sdk_win_64/winarm/armgcc/bin/../lib/gcc/arm-none-eabi/7.2.1/../../../../arm-none-eabi/lib/thumb/v7e-m\libg_nano.a(lib_a-nano-freer.o)
                0x08002a28                _free_r
 .text._malloc_r
                0x08002ac4       0xb4 d:/university/external courses/imt-wazeefa tech/tools/imt_sdk_win_64/winarm/armgcc/bin/../lib/gcc/arm-none-eabi/7.2.1/../../../../arm-none-eabi/lib/thumb/v7e-m\libg_nano.a(lib_a-nano-mallocr.o)
                0x08002ac4                _malloc_r
 .text._realloc_r
                0x08002b78       0x4c d:/university/external courses/imt-wazeefa tech/tools/imt_sdk_win_64/winarm/armgcc/bin/../lib/gcc/arm-none-eabi/7.2.1/../../../../arm-none-eabi/lib/thumb/v7e-m\libg_nano.a(lib_a-nano-reallocr.o)
                0x08002b78                _realloc_r
 .text._sbrk_r  0x08002bc4       0x20 d:/university/external courses/imt-wazeefa tech/tools/imt_sdk_win_64/winarm/armgcc/bin/../lib/gcc/arm-none-eabi/7.2.1/../../../../arm-none-eabi/lib/thumb/v7e-m\libg_nano.a(lib_a-sbrkr.o)
                0x08002bc4                _sbrk_r
 .text.__malloc_lock
                0x08002be4        0x2 d:/university/external courses/imt-wazeefa tech/tools/imt_sdk_win_64/winarm/armgcc/bin/../lib/gcc/arm-none-eabi/7.2.1/../../../../arm-none-eabi/lib/thumb/v7e-m\libg_nano.a(lib_a-mlock.o)
                0x08002be4                __malloc_lock
 .text.__malloc_unlock
                0x08002be6        0x2 d:/university/external courses/imt-wazeefa tech/tools/imt_sdk_win_64/winarm/armgcc/bin/../lib/gcc/arm-none-eabi/7.2.1/../../../../arm-none-eabi/lib/thumb/v7e-m\libg_nano.a(lib_a-mlock.o)
                0x08002be6                __malloc_unlock
 .text._malloc_usable_size_r
                0x08002be8       0x10 d:/university/external courses/imt-wazeefa tech/tools/imt_sdk_win_64/winarm/armgcc/bin/../lib/gcc/arm-none-eabi/7.2.1/../../../../arm-none-eabi/lib/thumb/v7e-m\libg_nano.a(lib_a-nano-msizer.o)
                0x08002be8                _malloc_usable_size_r
 *(.rodata .rodata.* .constdata .constdata.*)
 .rodata.HAL_NVIC_SetPriorityGrouping.str1.4
                0x08002bf8       0x31 ./system/src/stm32f4-hal/stm32f4xx_hal_cortex.o
 *fill*         0x08002c29        0x3 
 .rodata.APBAHBPrescTable
                0x08002c2c       0x10 ./system/src/stm32f4-hal/stm32f4xx_hal_rcc.o
                0x08002c2c                APBAHBPrescTable
 .rodata.HAL_RCC_OscConfig.str1.4
                0x08002c3c       0x2e ./system/src/stm32f4-hal/stm32f4xx_hal_rcc.o
 *fill*         0x08002c6a        0x2 
 .rodata.abort.str1.4
                0x08002c6c       0x14 ./system/src/newlib/_exit.o
 .rodata.assert_failed.str1.4
                0x08002c80       0x2b ./system/src/newlib/assert.o
 .rodata.trace_puts.str1.4
                0x08002cab       0x2b ./system/src/diag/Trace.o
                                  0x2 (size before relaxing)
 *fill*         0x08002cab        0x1 
 .rodata.dumpExceptionStack.str1.4
                0x08002cac      0x11a ./system/src/cortexm/exception_handlers.o
 *fill*         0x08002dc6        0x2 
 .rodata.str1.4
                0x08002dc8       0x2a ./system/src/cortexm/exception_handlers.o
 *fill*         0x08002df2        0x2 
 .rodata.AHBPrescTable
                0x08002df4       0x10 ./system/src/cmsis/system_stm32f4xx.o
                0x08002df4                AHBPrescTable
 .rodata.Char_Array
                0x08002e04      0x268 ./src/HTFT_program.o
 .rodata.main.str1.4
                0x0800306c       0x10 ./src/main.o
                                  0xf (size before relaxing)
 .rodata.u16Contacts
                0x0800307c     0xa000 ./src/main.o
                0x0800307c                u16Contacts
 .rodata.u16HomeScreen2
                0x0800d07c     0xa000 ./src/main.o
                0x0800d07c                u16HomeScreen2
 .rodata.u16HomeScreen2_1
                0x0801707c     0xa000 ./src/main.o
                0x0801707c                u16HomeScreen2_1
 .rodata.u16HomeScreen2_1_1
                0x0802107c     0xa000 ./src/main.o
                0x0802107c                u16HomeScreen2_1_1
 .rodata.u16LockScreen
                0x0802b07c     0xa000 ./src/main.o
                0x0802b07c                u16LockScreen
 .rodata._svfprintf_r.str1.1
                0x0803507c       0x11 d:/university/external courses/imt-wazeefa tech/tools/imt_sdk_win_64/winarm/armgcc/bin/../lib/gcc/arm-none-eabi/7.2.1/../../../../arm-none-eabi/lib/thumb/v7e-m\libg_nano.a(lib_a-nano-svfprintf.o)
 .rodata._printf_i.str1.1
                0x0803508d       0x22 d:/university/external courses/imt-wazeefa tech/tools/imt_sdk_win_64/winarm/armgcc/bin/../lib/gcc/arm-none-eabi/7.2.1/../../../../arm-none-eabi/lib/thumb/v7e-m\libg_nano.a(lib_a-nano-vfprintf_i.o)
 *(vtable)
 *(.eh_frame*)
 *(.glue_7)
 .glue_7        0x080350af        0x0 linker stubs
 *(.glue_7t)
 .glue_7t       0x080350af        0x0 linker stubs

.vfp11_veneer   0x080350b0        0x0
 .vfp11_veneer  0x080350b0        0x0 linker stubs

.v4_bx          0x080350b0        0x0
 .v4_bx         0x080350b0        0x0 linker stubs

.iplt           0x080350b0        0x0
 .iplt          0x080350b0        0x0 ./system/src/stm32f4-hal/stm32f4xx_hal.o

.rel.dyn        0x080350b0        0x0
 .rel.iplt      0x080350b0        0x0 ./system/src/stm32f4-hal/stm32f4xx_hal.o

.ARM.extab
 *(.ARM.extab* .gnu.linkonce.armextab.*)
                0x080350b0                . = ALIGN (0x4)
                0x080350b0                __exidx_start = .

.ARM.exidx
 *(.ARM.exidx* .gnu.linkonce.armexidx.*)
                0x080350b0                __exidx_end = .
                0x080350b0                . = ALIGN (0x4)
                0x080350b0                _etext = .
                0x080350b0                __etext = .

.data_CCMRAM    0x10000000        0x0 load address 0x080350b0
 FILL mask 0xff
 *(.data.CCMRAM .data.CCMRAM.*)
                0x10000000                . = ALIGN (0x4)
                0x080350b0                _sidata = LOADADDR (.data)

.data           0x20000000     0x4bbc load address 0x080350b0
 FILL mask 0xff
                0x20000000                _sdata = .
                0x20000000                __data_start__ = .
 *(.data_begin .data_begin.*)
 .data_begin    0x20000000        0x4 ./system/src/newlib/_startup.o
 *(.data .data.*)
 .data.argv.4310
                0x20000004        0x8 ./system/src/newlib/_syscalls.o
 .data.SystemCoreClock
                0x2000000c        0x4 ./system/src/cmsis/system_stm32f4xx.o
                0x2000000c                SystemCoreClock
 .data.KPD_COL_PIN
                0x20000010        0x4 ./src/HKPD_program.o
                0x20000010                KPD_COL_PIN
 .data.KPD_ROW_PIN
                0x20000014        0x4 ./src/HKPD_program.o
                0x20000014                KPD_ROW_PIN
 .data.KPD_arr  0x20000018       0x20 ./src/HKPD_program.o
                0x20000018                KPD_arr
 .data.Song1    0x20000038     0x4b1a ./src/main.o
                0x20000038                Song1
 .data.textPosX
                0x20004b52        0x1 ./src/main.o
                0x20004b52                textPosX
 .data.textPosY
                0x20004b53        0x1 ./src/main.o
                0x20004b53                textPosY
 .data._impure_ptr
                0x20004b54        0x4 d:/university/external courses/imt-wazeefa tech/tools/imt_sdk_win_64/winarm/armgcc/bin/../lib/gcc/arm-none-eabi/7.2.1/../../../../arm-none-eabi/lib/thumb/v7e-m\libg_nano.a(lib_a-impure.o)
                0x20004b54                _impure_ptr
 .data.impure_data
                0x20004b58       0x60 d:/university/external courses/imt-wazeefa tech/tools/imt_sdk_win_64/winarm/armgcc/bin/../lib/gcc/arm-none-eabi/7.2.1/../../../../arm-none-eabi/lib/thumb/v7e-m\libg_nano.a(lib_a-impure.o)
 *(.data_end .data_end.*)
 .data_end      0x20004bb8        0x4 ./system/src/newlib/_startup.o
                0x20004bbc                . = ALIGN (0x4)
                0x20004bbc                _edata = .
                0x20004bbc                __data_end__ = .

.igot.plt       0x20004bbc        0x0 load address 0x08039c6c
 .igot.plt      0x20004bbc        0x0 ./system/src/stm32f4-hal/stm32f4xx_hal.o

.bss_CCMRAM     0x10000000        0x0
 *(.bss.CCMRAM .bss.CCMRAM.*)

.bss            0x20004bbc      0x1f4
                0x20004bbc                __bss_start__ = .
                0x20004bbc                _sbss = .
 *(.bss_begin .bss_begin.*)
 .bss_begin     0x20004bbc        0x4 ./system/src/newlib/_startup.o
 *(.bss .bss.*)
 .bss.current_heap_end.3961
                0x20004bc0        0x4 ./system/src/newlib/_sbrk.o
 .bss.name.4309
                0x20004bc4        0x1 ./system/src/newlib/_syscalls.o
 *fill*         0x20004bc5        0x3 
 .bss.buf.5205  0x20004bc8       0x80 ./system/src/diag/Trace.o
 .bss.Data      0x20004c48        0x1 ./src/HIR_program.o
                0x20004c48                Data
 .bss.EdgeCounter
                0x20004c49        0x1 ./src/HIR_program.o
                0x20004c49                EdgeCounter
 *fill*         0x20004c4a        0x2 
 .bss.FrameData
                0x20004c4c       0xc8 ./src/HIR_program.o
                0x20004c4c                FrameData
 .bss.flag      0x20004d14        0x1 ./src/HIR_program.o
                0x20004d14                flag
 .bss.startflag
                0x20004d15        0x1 ./src/HIR_program.o
                0x20004d15                startflag
 *fill*         0x20004d16        0x2 
 .bss.Global_EXTIPtr
                0x20004d18       0x40 ./src/MEXTI_program.o
 .bss.Global_u8IPR
                0x20004d58        0x1 ./src/MNVIC_program.o
 *fill*         0x20004d59        0x3 
 .bss.pfGLOBAL_SysTickISR
                0x20004d5c        0x4 ./src/MSYSTICK_program.o
 .bss.u8GLOBAL_MODE
                0x20004d60        0x1 ./src/MSYSTICK_program.o
 *fill*         0x20004d61        0x3 
 .bss.__malloc_free_list
                0x20004d64        0x4 d:/university/external courses/imt-wazeefa tech/tools/imt_sdk_win_64/winarm/armgcc/bin/../lib/gcc/arm-none-eabi/7.2.1/../../../../arm-none-eabi/lib/thumb/v7e-m\libg_nano.a(lib_a-nano-mallocr.o)
                0x20004d64                __malloc_free_list
 .bss.__malloc_sbrk_start
                0x20004d68        0x4 d:/university/external courses/imt-wazeefa tech/tools/imt_sdk_win_64/winarm/armgcc/bin/../lib/gcc/arm-none-eabi/7.2.1/../../../../arm-none-eabi/lib/thumb/v7e-m\libg_nano.a(lib_a-nano-mallocr.o)
                0x20004d68                __malloc_sbrk_start
 *(COMMON)
 COMMON         0x20004d6c        0x4 ./system/src/stm32f4-hal/stm32f4xx_hal.o
                0x20004d6c                uwTick
 COMMON         0x20004d70        0x4 ./system/src/newlib/_syscalls.o
                0x20004d70                errno
 COMMON         0x20004d74       0x38 ./src/main.o
                0x20004d74                TIME
                0x20004d78                Time_Str
                0x20004d8c                DATE
                0x20004d92                Global_u16KEY
                0x20004d94                Global_u16KEY_S
                0x20004d98                Date_Str
 *(.bss_end .bss_end.*)
 .bss_end       0x20004dac        0x4 ./system/src/newlib/_startup.o
                0x20004db0                . = ALIGN (0x4)
                0x20004db0                __bss_end__ = .
                0x20004db0                _ebss = .

.noinit_CCMRAM
 *(.noinit.CCMRAM .noinit.CCMRAM.*)

.noinit         0x20004db0        0x0
                0x20004db0                _noinit = .
 *(.noinit .noinit.*)
                0x20004db0                . = ALIGN (0x4)
                0x20004db0                _end_noinit = .
                [!provide]                PROVIDE (end, _end_noinit)
                [!provide]                PROVIDE (_end, _end_noinit)
                [!provide]                PROVIDE (__end, _end_noinit)
                [!provide]                PROVIDE (__end__, _end_noinit)

._check_stack   0x20004db0      0x100
                0x20004eb0                . = (. + _Minimum_Stack_Size)
 *fill*         0x20004db0      0x100 

.b1text
 *(.b1text)
 *(.b1rodata)
 *(.b1rodata.*)

.eb0text
 *(.eb0text)
 *(.eb0rodata)
 *(.eb0rodata.*)

.eb1text
 *(.eb1text)
 *(.eb1rodata)
 *(.eb1rodata.*)

.eb2text
 *(.eb2text)
 *(.eb2rodata)
 *(.eb2rodata.*)

.eb3text
 *(.eb3text)
 *(.eb3rodata)
 *(.eb3rodata.*)

.stab
 *(.stab)

.stabstr
 *(.stabstr)

.stab.excl
 *(.stab.excl)

.stab.exclstr
 *(.stab.exclstr)

.stab.index
 *(.stab.index)

.stab.indexstr
 *(.stab.indexstr)

.comment        0x00000000       0x7e
 *(.comment)
 .comment       0x00000000       0x7e ./system/src/stm32f4-hal/stm32f4xx_hal.o
                                 0x7f (size before relaxing)
 .comment       0x0000007e       0x7f ./system/src/stm32f4-hal/stm32f4xx_hal_cortex.o
 .comment       0x0000007e       0x7f ./system/src/stm32f4-hal/stm32f4xx_hal_rcc.o
 .comment       0x0000007e       0x7f ./system/src/newlib/_exit.o
 .comment       0x0000007e       0x7f ./system/src/newlib/_sbrk.o
 .comment       0x0000007e       0x7f ./system/src/newlib/_startup.o
 .comment       0x0000007e       0x7f ./system/src/newlib/_syscalls.o
 .comment       0x0000007e       0x7f ./system/src/newlib/assert.o
 .comment       0x0000007e       0x7f ./system/src/diag/Trace.o
 .comment       0x0000007e       0x7f ./system/src/diag/trace_impl.o
 .comment       0x0000007e       0x7f ./system/src/cortexm/_initialize_hardware.o
 .comment       0x0000007e       0x7f ./system/src/cortexm/exception_handlers.o
 .comment       0x0000007e       0x7f ./system/src/cmsis/system_stm32f4xx.o
 .comment       0x0000007e       0x7f ./system/src/cmsis/vectors_stm32f401xc.o
 .comment       0x0000007e       0x7f ./src/HIR_program.o
 .comment       0x0000007e       0x7f ./src/HKPD_program.o
 .comment       0x0000007e       0x7f ./src/HR2RDAC_program.o
 .comment       0x0000007e       0x7f ./src/HSTP_program.o
 .comment       0x0000007e       0x7f ./src/HTFT_program.o
 .comment       0x0000007e       0x7f ./src/MEXTI_program.o
 .comment       0x0000007e       0x7f ./src/MGPIO_program.o
 .comment       0x0000007e       0x7f ./src/MNVIC_program.o
 .comment       0x0000007e       0x7f ./src/MRCC_program.o
 .comment       0x0000007e       0x7f ./src/MRTC_program.o
 .comment       0x0000007e       0x7f ./src/MSPI_program.o
 .comment       0x0000007e       0x7f ./src/MSYSTICK_program.o
 .comment       0x0000007e       0x7f ./src/_initialize_hardware.o
 .comment       0x0000007e       0x7f ./src/main.o
 .comment       0x0000007e       0x7f ./src/stm32f4xx_hal_msp.o

.ARM.attributes
                0x00000000       0x31
 .ARM.attributes
                0x00000000       0x33 ./system/src/stm32f4-hal/stm32f4xx_hal.o
 .ARM.attributes
                0x00000033       0x33 ./system/src/stm32f4-hal/stm32f4xx_hal_cortex.o
 .ARM.attributes
                0x00000066       0x33 ./system/src/stm32f4-hal/stm32f4xx_hal_rcc.o
 .ARM.attributes
                0x00000099       0x33 ./system/src/newlib/_exit.o
 .ARM.attributes
                0x000000cc       0x33 ./system/src/newlib/_sbrk.o
 .ARM.attributes
                0x000000ff       0x33 ./system/src/newlib/_startup.o
 .ARM.attributes
                0x00000132       0x33 ./system/src/newlib/_syscalls.o
 .ARM.attributes
                0x00000165       0x33 ./system/src/newlib/assert.o
 .ARM.attributes
                0x00000198       0x33 ./system/src/diag/Trace.o
 .ARM.attributes
                0x000001cb       0x33 ./system/src/diag/trace_impl.o
 .ARM.attributes
                0x000001fe       0x33 ./system/src/cortexm/_initialize_hardware.o
 .ARM.attributes
                0x00000231       0x33 ./system/src/cortexm/exception_handlers.o
 .ARM.attributes
                0x00000264       0x33 ./system/src/cmsis/system_stm32f4xx.o
 .ARM.attributes
                0x00000297       0x33 ./system/src/cmsis/vectors_stm32f401xc.o
 .ARM.attributes
                0x000002ca       0x33 ./src/HIR_program.o
 .ARM.attributes
                0x000002fd       0x33 ./src/HKPD_program.o
 .ARM.attributes
                0x00000330       0x33 ./src/HR2RDAC_program.o
 .ARM.attributes
                0x00000363       0x33 ./src/HSTP_program.o
 .ARM.attributes
                0x00000396       0x33 ./src/HTFT_program.o
 .ARM.attributes
                0x000003c9       0x33 ./src/MEXTI_program.o
 .ARM.attributes
                0x000003fc       0x33 ./src/MGPIO_program.o
 .ARM.attributes
                0x0000042f       0x33 ./src/MNVIC_program.o
 .ARM.attributes
                0x00000462       0x33 ./src/MRCC_program.o
 .ARM.attributes
                0x00000495       0x33 ./src/MRTC_program.o
 .ARM.attributes
                0x000004c8       0x33 ./src/MSPI_program.o
 .ARM.attributes
                0x000004fb       0x33 ./src/MSYSTICK_program.o
 .ARM.attributes
                0x0000052e       0x33 ./src/_initialize_hardware.o
 .ARM.attributes
                0x00000561       0x33 ./src/main.o
 .ARM.attributes
                0x00000594       0x33 ./src/stm32f4xx_hal_msp.o
 .ARM.attributes
                0x000005c7       0x2e d:/university/external courses/imt-wazeefa tech/tools/imt_sdk_win_64/winarm/armgcc/bin/../lib/gcc/arm-none-eabi/7.2.1/../../../../arm-none-eabi/lib/thumb/v7e-m\libg_nano.a(lib_a-errno.o)
 .ARM.attributes
                0x000005f5       0x2e d:/university/external courses/imt-wazeefa tech/tools/imt_sdk_win_64/winarm/armgcc/bin/../lib/gcc/arm-none-eabi/7.2.1/../../../../arm-none-eabi/lib/thumb/v7e-m\libg_nano.a(lib_a-impure.o)
 .ARM.attributes
                0x00000623       0x2e d:/university/external courses/imt-wazeefa tech/tools/imt_sdk_win_64/winarm/armgcc/bin/../lib/gcc/arm-none-eabi/7.2.1/../../../../arm-none-eabi/lib/thumb/v7e-m\libg_nano.a(lib_a-sprintf.o)
 .ARM.attributes
                0x00000651       0x17 d:/university/external courses/imt-wazeefa tech/tools/imt_sdk_win_64/winarm/armgcc/bin/../lib/gcc/arm-none-eabi/7.2.1/../../../../arm-none-eabi/lib/thumb/v7e-m\libg_nano.a(lib_a-strlen.o)
 .ARM.attributes
                0x00000668       0x2e d:/university/external courses/imt-wazeefa tech/tools/imt_sdk_win_64/winarm/armgcc/bin/../lib/gcc/arm-none-eabi/7.2.1/../../../../arm-none-eabi/lib/thumb/v7e-m\libg_nano.a(lib_a-vsnprintf.o)
 .ARM.attributes
                0x00000696       0x2e d:/university/external courses/imt-wazeefa tech/tools/imt_sdk_win_64/winarm/armgcc/bin/../lib/gcc/arm-none-eabi/7.2.1/../../../../arm-none-eabi/lib/thumb/v7e-m\libg_nano.a(lib_a-nano-svfprintf.o)
 .ARM.attributes
                0x000006c4       0x2e d:/university/external courses/imt-wazeefa tech/tools/imt_sdk_win_64/winarm/armgcc/bin/../lib/gcc/arm-none-eabi/7.2.1/../../../../arm-none-eabi/lib/thumb/v7e-m\libg_nano.a(lib_a-nano-vfprintf_i.o)
 .ARM.attributes
                0x000006f2       0x1c d:/university/external courses/imt-wazeefa tech/tools/imt_sdk_win_64/winarm/armgcc/bin/../lib/gcc/arm-none-eabi/7.2.1/../../../../arm-none-eabi/lib/thumb/v7e-m\libg_nano.a(lib_a-memchr.o)
 .ARM.attributes
                0x0000070e       0x2e d:/university/external courses/imt-wazeefa tech/tools/imt_sdk_win_64/winarm/armgcc/bin/../lib/gcc/arm-none-eabi/7.2.1/../../../../arm-none-eabi/lib/thumb/v7e-m\libg_nano.a(lib_a-memcpy-stub.o)
 .ARM.attributes
                0x0000073c       0x2e d:/university/external courses/imt-wazeefa tech/tools/imt_sdk_win_64/winarm/armgcc/bin/../lib/gcc/arm-none-eabi/7.2.1/../../../../arm-none-eabi/lib/thumb/v7e-m\libg_nano.a(lib_a-memmove.o)
 .ARM.attributes
                0x0000076a       0x2e d:/university/external courses/imt-wazeefa tech/tools/imt_sdk_win_64/winarm/armgcc/bin/../lib/gcc/arm-none-eabi/7.2.1/../../../../arm-none-eabi/lib/thumb/v7e-m\libg_nano.a(lib_a-nano-freer.o)
 .ARM.attributes
                0x00000798       0x2e d:/university/external courses/imt-wazeefa tech/tools/imt_sdk_win_64/winarm/armgcc/bin/../lib/gcc/arm-none-eabi/7.2.1/../../../../arm-none-eabi/lib/thumb/v7e-m\libg_nano.a(lib_a-nano-mallocr.o)
 .ARM.attributes
                0x000007c6       0x2e d:/university/external courses/imt-wazeefa tech/tools/imt_sdk_win_64/winarm/armgcc/bin/../lib/gcc/arm-none-eabi/7.2.1/../../../../arm-none-eabi/lib/thumb/v7e-m\libg_nano.a(lib_a-nano-reallocr.o)
 .ARM.attributes
                0x000007f4       0x2e d:/university/external courses/imt-wazeefa tech/tools/imt_sdk_win_64/winarm/armgcc/bin/../lib/gcc/arm-none-eabi/7.2.1/../../../../arm-none-eabi/lib/thumb/v7e-m\libg_nano.a(lib_a-sbrkr.o)
 .ARM.attributes
                0x00000822       0x2e d:/university/external courses/imt-wazeefa tech/tools/imt_sdk_win_64/winarm/armgcc/bin/../lib/gcc/arm-none-eabi/7.2.1/../../../../arm-none-eabi/lib/thumb/v7e-m\libg_nano.a(lib_a-mlock.o)
 .ARM.attributes
                0x00000850       0x2e d:/university/external courses/imt-wazeefa tech/tools/imt_sdk_win_64/winarm/armgcc/bin/../lib/gcc/arm-none-eabi/7.2.1/../../../../arm-none-eabi/lib/thumb/v7e-m\libg_nano.a(lib_a-nano-msizer.o)

.debug
 *(.debug)

.line
 *(.line)

.debug_srcinfo
 *(.debug_srcinfo)

.debug_sfnames
 *(.debug_sfnames)

.debug_aranges  0x00000000      0x7c8
 *(.debug_aranges)
 .debug_aranges
                0x00000000       0xc0 ./system/src/stm32f4-hal/stm32f4xx_hal.o
 .debug_aranges
                0x000000c0       0x98 ./system/src/stm32f4-hal/stm32f4xx_hal_cortex.o
 .debug_aranges
                0x00000158       0x88 ./system/src/stm32f4-hal/stm32f4xx_hal_rcc.o
 .debug_aranges
                0x000001e0       0x28 ./system/src/newlib/_exit.o
 .debug_aranges
                0x00000208       0x20 ./system/src/newlib/_sbrk.o
 .debug_aranges
                0x00000228       0x40 ./system/src/newlib/_startup.o
 .debug_aranges
                0x00000268       0x30 ./system/src/newlib/_syscalls.o
 .debug_aranges
                0x00000298       0x28 ./system/src/newlib/assert.o
 .debug_aranges
                0x000002c0       0x38 ./system/src/diag/Trace.o
 .debug_aranges
                0x000002f8       0x30 ./system/src/diag/trace_impl.o
 .debug_aranges
                0x00000328       0x28 ./system/src/cortexm/_initialize_hardware.o
 .debug_aranges
                0x00000350       0x90 ./system/src/cortexm/exception_handlers.o
 .debug_aranges
                0x000003e0       0x28 ./system/src/cmsis/system_stm32f4xx.o
 .debug_aranges
                0x00000408       0x20 ./system/src/cmsis/vectors_stm32f401xc.o
 .debug_aranges
                0x00000428       0x30 ./src/HIR_program.o
 .debug_aranges
                0x00000458       0x28 ./src/HKPD_program.o
 .debug_aranges
                0x00000480       0x28 ./src/HR2RDAC_program.o
 .debug_aranges
                0x000004a8       0x28 ./src/HSTP_program.o
 .debug_aranges
                0x000004d0       0x60 ./src/HTFT_program.o
 .debug_aranges
                0x00000530       0x50 ./src/MEXTI_program.o
 .debug_aranges
                0x00000580       0x50 ./src/MGPIO_program.o
 .debug_aranges
                0x000005d0       0x50 ./src/MNVIC_program.o
 .debug_aranges
                0x00000620       0x30 ./src/MRCC_program.o
 .debug_aranges
                0x00000650       0x58 ./src/MRTC_program.o
 .debug_aranges
                0x000006a8       0x28 ./src/MSPI_program.o
 .debug_aranges
                0x000006d0       0x70 ./src/MSYSTICK_program.o
 .debug_aranges
                0x00000740       0x28 ./src/_initialize_hardware.o
 .debug_aranges
                0x00000768       0x28 ./src/main.o
 .debug_aranges
                0x00000790       0x38 ./src/stm32f4xx_hal_msp.o

.debug_pubnames
 *(.debug_pubnames)

.debug_info     0x00000000    0x1000f
 *(.debug_info .gnu.linkonce.wi.*)
 .debug_info    0x00000000     0x107e ./system/src/stm32f4-hal/stm32f4xx_hal.o
 .debug_info    0x0000107e     0x1863 ./system/src/stm32f4-hal/stm32f4xx_hal_cortex.o
 .debug_info    0x000028e1     0x177e ./system/src/stm32f4-hal/stm32f4xx_hal_rcc.o
 .debug_info    0x0000405f      0x956 ./system/src/newlib/_exit.o
 .debug_info    0x000049b5      0x942 ./system/src/newlib/_sbrk.o
 .debug_info    0x000052f7      0x4bf ./system/src/newlib/_startup.o
 .debug_info    0x000057b6      0xa19 ./system/src/newlib/_syscalls.o
 .debug_info    0x000061cf      0x9ff ./system/src/newlib/assert.o
 .debug_info    0x00006bce      0xb2a ./system/src/diag/Trace.o
 .debug_info    0x000076f8      0xb6b ./system/src/diag/trace_impl.o
 .debug_info    0x00008263      0xade ./system/src/cortexm/_initialize_hardware.o
 .debug_info    0x00008d41     0x115a ./system/src/cortexm/exception_handlers.o
 .debug_info    0x00009e9b      0xcfe ./system/src/cmsis/system_stm32f4xx.o
 .debug_info    0x0000ab99       0xca ./system/src/cmsis/vectors_stm32f401xc.o
 .debug_info    0x0000ac63      0x1b7 ./src/HIR_program.o
 .debug_info    0x0000ae1a      0x261 ./src/HKPD_program.o
 .debug_info    0x0000b07b      0x3ec ./src/HR2RDAC_program.o
 .debug_info    0x0000b467      0x22b ./src/HSTP_program.o
 .debug_info    0x0000b692      0x858 ./src/HTFT_program.o
 .debug_info    0x0000beea      0x374 ./src/MEXTI_program.o
 .debug_info    0x0000c25e      0x354 ./src/MGPIO_program.o
 .debug_info    0x0000c5b2      0x314 ./src/MNVIC_program.o
 .debug_info    0x0000c8c6      0x2ec ./src/MRCC_program.o
 .debug_info    0x0000cbb2      0x68d ./src/MRTC_program.o
 .debug_info    0x0000d23f      0x139 ./src/MSPI_program.o
 .debug_info    0x0000d378      0x316 ./src/MSYSTICK_program.o
 .debug_info    0x0000d68e      0xd34 ./src/_initialize_hardware.o
 .debug_info    0x0000e3c2     0x133e ./src/main.o
 .debug_info    0x0000f700      0x90f ./src/stm32f4xx_hal_msp.o

.debug_abbrev   0x00000000     0x32fe
 *(.debug_abbrev)
 .debug_abbrev  0x00000000      0x32b ./system/src/stm32f4-hal/stm32f4xx_hal.o
 .debug_abbrev  0x0000032b      0x3f1 ./system/src/stm32f4-hal/stm32f4xx_hal_cortex.o
 .debug_abbrev  0x0000071c      0x394 ./system/src/stm32f4-hal/stm32f4xx_hal_rcc.o
 .debug_abbrev  0x00000ab0      0x1f3 ./system/src/newlib/_exit.o
 .debug_abbrev  0x00000ca3      0x1fc ./system/src/newlib/_sbrk.o
 .debug_abbrev  0x00000e9f      0x1cb ./system/src/newlib/_startup.o
 .debug_abbrev  0x0000106a      0x234 ./system/src/newlib/_syscalls.o
 .debug_abbrev  0x0000129e      0x1f3 ./system/src/newlib/assert.o
 .debug_abbrev  0x00001491      0x276 ./system/src/diag/Trace.o
 .debug_abbrev  0x00001707      0x2ef ./system/src/diag/trace_impl.o
 .debug_abbrev  0x000019f6      0x1de ./system/src/cortexm/_initialize_hardware.o
 .debug_abbrev  0x00001bd4      0x32b ./system/src/cortexm/exception_handlers.o
 .debug_abbrev  0x00001eff      0x216 ./system/src/cmsis/system_stm32f4xx.o
 .debug_abbrev  0x00002115       0x9d ./system/src/cmsis/vectors_stm32f401xc.o
 .debug_abbrev  0x000021b2       0xeb ./src/HIR_program.o
 .debug_abbrev  0x0000229d       0xe9 ./src/HKPD_program.o
 .debug_abbrev  0x00002386       0xc4 ./src/HR2RDAC_program.o
 .debug_abbrev  0x0000244a       0x9c ./src/HSTP_program.o
 .debug_abbrev  0x000024e6      0x12d ./src/HTFT_program.o
 .debug_abbrev  0x00002613      0x10d ./src/MEXTI_program.o
 .debug_abbrev  0x00002720       0xef ./src/MGPIO_program.o
 .debug_abbrev  0x0000280f       0xf7 ./src/MNVIC_program.o
 .debug_abbrev  0x00002906       0xb5 ./src/MRCC_program.o
 .debug_abbrev  0x000029bb      0x141 ./src/MRTC_program.o
 .debug_abbrev  0x00002afc       0x8e ./src/MSPI_program.o
 .debug_abbrev  0x00002b8a      0x142 ./src/MSYSTICK_program.o
 .debug_abbrev  0x00002ccc      0x22d ./src/_initialize_hardware.o
 .debug_abbrev  0x00002ef9      0x254 ./src/main.o
 .debug_abbrev  0x0000314d      0x1b1 ./src/stm32f4xx_hal_msp.o

.debug_line     0x00000000     0x9a8b
 *(.debug_line)
 .debug_line    0x00000000      0xc00 ./system/src/stm32f4-hal/stm32f4xx_hal.o
 .debug_line    0x00000c00      0xcf7 ./system/src/stm32f4-hal/stm32f4xx_hal_cortex.o
 .debug_line    0x000018f7      0xe81 ./system/src/stm32f4-hal/stm32f4xx_hal_rcc.o
 .debug_line    0x00002778      0x3c3 ./system/src/newlib/_exit.o
 .debug_line    0x00002b3b      0x377 ./system/src/newlib/_sbrk.o
 .debug_line    0x00002eb2      0x43f ./system/src/newlib/_startup.o
 .debug_line    0x000032f1      0x4aa ./system/src/newlib/_syscalls.o
 .debug_line    0x0000379b      0x3fe ./system/src/newlib/assert.o
 .debug_line    0x00003b99      0x43f ./system/src/diag/Trace.o
 .debug_line    0x00003fd8      0xb33 ./system/src/diag/trace_impl.o
 .debug_line    0x00004b0b      0xa9c ./system/src/cortexm/_initialize_hardware.o
 .debug_line    0x000055a7      0xbea ./system/src/cortexm/exception_handlers.o
 .debug_line    0x00006191      0xaa2 ./system/src/cmsis/system_stm32f4xx.o
 .debug_line    0x00006c33      0x11f ./system/src/cmsis/vectors_stm32f401xc.o
 .debug_line    0x00006d52      0x13f ./src/HIR_program.o
 .debug_line    0x00006e91      0x166 ./src/HKPD_program.o
 .debug_line    0x00006ff7      0x14f ./src/HR2RDAC_program.o
 .debug_line    0x00007146      0x152 ./src/HSTP_program.o
 .debug_line    0x00007298      0x25e ./src/HTFT_program.o
 .debug_line    0x000074f6      0x12f ./src/MEXTI_program.o
 .debug_line    0x00007625      0x209 ./src/MGPIO_program.o
 .debug_line    0x0000782e      0x129 ./src/MNVIC_program.o
 .debug_line    0x00007957       0xed ./src/MRCC_program.o
 .debug_line    0x00007a44      0x1c4 ./src/MRTC_program.o
 .debug_line    0x00007c08       0xd8 ./src/MSPI_program.o
 .debug_line    0x00007ce0      0x199 ./src/MSYSTICK_program.o
 .debug_line    0x00007e79      0xa95 ./src/_initialize_hardware.o
 .debug_line    0x0000890e      0x6e7 ./src/main.o
 .debug_line    0x00008ff5      0xa96 ./src/stm32f4xx_hal_msp.o

.debug_frame    0x00000000     0x1330
 *(.debug_frame)
 .debug_frame   0x00000000      0x188 ./system/src/stm32f4-hal/stm32f4xx_hal.o
 .debug_frame   0x00000188      0x17c ./system/src/stm32f4-hal/stm32f4xx_hal_cortex.o
 .debug_frame   0x00000304      0x140 ./system/src/stm32f4-hal/stm32f4xx_hal_rcc.o
 .debug_frame   0x00000444       0x38 ./system/src/newlib/_exit.o
 .debug_frame   0x0000047c       0x28 ./system/src/newlib/_sbrk.o
 .debug_frame   0x000004a4       0x7c ./system/src/newlib/_startup.o
 .debug_frame   0x00000520       0x50 ./system/src/newlib/_syscalls.o
 .debug_frame   0x00000570       0x40 ./system/src/newlib/assert.o
 .debug_frame   0x000005b0       0x94 ./system/src/diag/Trace.o
 .debug_frame   0x00000644       0x64 ./system/src/diag/trace_impl.o
 .debug_frame   0x000006a8       0x40 ./system/src/cortexm/_initialize_hardware.o
 .debug_frame   0x000006e8      0x158 ./system/src/cortexm/exception_handlers.o
 .debug_frame   0x00000840       0x30 ./system/src/cmsis/system_stm32f4xx.o
 .debug_frame   0x00000870       0x20 ./system/src/cmsis/vectors_stm32f401xc.o
 .debug_frame   0x00000890       0x54 ./src/HIR_program.o
 .debug_frame   0x000008e4       0x4c ./src/HKPD_program.o
 .debug_frame   0x00000930       0x44 ./src/HR2RDAC_program.o
 .debug_frame   0x00000974       0x44 ./src/HSTP_program.o
 .debug_frame   0x000009b8      0x120 ./src/HTFT_program.o
 .debug_frame   0x00000ad8       0x9c ./src/MEXTI_program.o
 .debug_frame   0x00000b74       0xe0 ./src/MGPIO_program.o
 .debug_frame   0x00000c54       0xb0 ./src/MNVIC_program.o
 .debug_frame   0x00000d04       0x40 ./src/MRCC_program.o
 .debug_frame   0x00000d44       0xb8 ./src/MRTC_program.o
 .debug_frame   0x00000dfc       0x30 ./src/MSPI_program.o
 .debug_frame   0x00000e2c       0xe8 ./src/MSYSTICK_program.o
 .debug_frame   0x00000f14       0x4c ./src/_initialize_hardware.o
 .debug_frame   0x00000f60       0x4c ./src/main.o
 .debug_frame   0x00000fac       0x50 ./src/stm32f4xx_hal_msp.o
 .debug_frame   0x00000ffc       0x20 d:/university/external courses/imt-wazeefa tech/tools/imt_sdk_win_64/winarm/armgcc/bin/../lib/gcc/arm-none-eabi/7.2.1/../../../../arm-none-eabi/lib/thumb/v7e-m\libg_nano.a(lib_a-errno.o)
 .debug_frame   0x0000101c       0x6c d:/university/external courses/imt-wazeefa tech/tools/imt_sdk_win_64/winarm/armgcc/bin/../lib/gcc/arm-none-eabi/7.2.1/../../../../arm-none-eabi/lib/thumb/v7e-m\libg_nano.a(lib_a-sprintf.o)
 .debug_frame   0x00001088       0x4c d:/university/external courses/imt-wazeefa tech/tools/imt_sdk_win_64/winarm/armgcc/bin/../lib/gcc/arm-none-eabi/7.2.1/../../../../arm-none-eabi/lib/thumb/v7e-m\libg_nano.a(lib_a-vsnprintf.o)
 .debug_frame   0x000010d4       0x90 d:/university/external courses/imt-wazeefa tech/tools/imt_sdk_win_64/winarm/armgcc/bin/../lib/gcc/arm-none-eabi/7.2.1/../../../../arm-none-eabi/lib/thumb/v7e-m\libg_nano.a(lib_a-nano-svfprintf.o)
 .debug_frame   0x00001164       0x60 d:/university/external courses/imt-wazeefa tech/tools/imt_sdk_win_64/winarm/armgcc/bin/../lib/gcc/arm-none-eabi/7.2.1/../../../../arm-none-eabi/lib/thumb/v7e-m\libg_nano.a(lib_a-nano-vfprintf_i.o)
 .debug_frame   0x000011c4       0x28 d:/university/external courses/imt-wazeefa tech/tools/imt_sdk_win_64/winarm/armgcc/bin/../lib/gcc/arm-none-eabi/7.2.1/../../../../arm-none-eabi/lib/thumb/v7e-m\libg_nano.a(lib_a-memcpy-stub.o)
 .debug_frame   0x000011ec       0x28 d:/university/external courses/imt-wazeefa tech/tools/imt_sdk_win_64/winarm/armgcc/bin/../lib/gcc/arm-none-eabi/7.2.1/../../../../arm-none-eabi/lib/thumb/v7e-m\libg_nano.a(lib_a-memmove.o)
 .debug_frame   0x00001214       0x38 d:/university/external courses/imt-wazeefa tech/tools/imt_sdk_win_64/winarm/armgcc/bin/../lib/gcc/arm-none-eabi/7.2.1/../../../../arm-none-eabi/lib/thumb/v7e-m\libg_nano.a(lib_a-nano-freer.o)
 .debug_frame   0x0000124c       0x2c d:/university/external courses/imt-wazeefa tech/tools/imt_sdk_win_64/winarm/armgcc/bin/../lib/gcc/arm-none-eabi/7.2.1/../../../../arm-none-eabi/lib/thumb/v7e-m\libg_nano.a(lib_a-nano-mallocr.o)
 .debug_frame   0x00001278       0x3c d:/university/external courses/imt-wazeefa tech/tools/imt_sdk_win_64/winarm/armgcc/bin/../lib/gcc/arm-none-eabi/7.2.1/../../../../arm-none-eabi/lib/thumb/v7e-m\libg_nano.a(lib_a-nano-reallocr.o)
 .debug_frame   0x000012b4       0x2c d:/university/external courses/imt-wazeefa tech/tools/imt_sdk_win_64/winarm/armgcc/bin/../lib/gcc/arm-none-eabi/7.2.1/../../../../arm-none-eabi/lib/thumb/v7e-m\libg_nano.a(lib_a-sbrkr.o)
 .debug_frame   0x000012e0       0x30 d:/university/external courses/imt-wazeefa tech/tools/imt_sdk_win_64/winarm/armgcc/bin/../lib/gcc/arm-none-eabi/7.2.1/../../../../arm-none-eabi/lib/thumb/v7e-m\libg_nano.a(lib_a-mlock.o)
 .debug_frame   0x00001310       0x20 d:/university/external courses/imt-wazeefa tech/tools/imt_sdk_win_64/winarm/armgcc/bin/../lib/gcc/arm-none-eabi/7.2.1/../../../../arm-none-eabi/lib/thumb/v7e-m\libg_nano.a(lib_a-nano-msizer.o)

.debug_str      0x00000000    0x76141
 *(.debug_str)
 .debug_str     0x00000000    0x6fc9d ./system/src/stm32f4-hal/stm32f4xx_hal.o
                              0x700dc (size before relaxing)
 .debug_str     0x0006fc9d      0x373 ./system/src/stm32f4-hal/stm32f4xx_hal_cortex.o
                              0x6ff46 (size before relaxing)
 .debug_str     0x00070010      0x3f9 ./system/src/stm32f4-hal/stm32f4xx_hal_rcc.o
                              0x6fc5e (size before relaxing)
 .debug_str     0x00070409     0x10ff ./system/src/newlib/_exit.o
                               0x7f3d (size before relaxing)
 .debug_str     0x00071508      0x4f5 ./system/src/newlib/_sbrk.o
                               0x72ef (size before relaxing)
 .debug_str     0x000719fd      0x2c6 ./system/src/newlib/_startup.o
                               0x6a90 (size before relaxing)
 .debug_str     0x00071cc3      0xe8b ./system/src/newlib/_syscalls.o
                               0x81ca (size before relaxing)
 .debug_str     0x00072b4e       0xd0 ./system/src/newlib/assert.o
                               0x8a42 (size before relaxing)
 .debug_str     0x00072c1e      0x176 ./system/src/diag/Trace.o
                               0x86b5 (size before relaxing)
 .debug_str     0x00072d94      0x37b ./system/src/diag/trace_impl.o
                              0x709db (size before relaxing)
 .debug_str     0x0007310f       0x5e ./system/src/cortexm/_initialize_hardware.o
                              0x6f76d (size before relaxing)
 .debug_str     0x0007316d      0x19d ./system/src/cortexm/exception_handlers.o
                              0x70b65 (size before relaxing)
 .debug_str     0x0007330a       0x46 ./system/src/cmsis/system_stm32f4xx.o
                              0x6f84e (size before relaxing)
 .debug_str     0x00073350       0x59 ./system/src/cmsis/vectors_stm32f401xc.o
                               0x38cd (size before relaxing)
 .debug_str     0x000733a9      0x392 ./src/HIR_program.o
                               0x318c (size before relaxing)
 .debug_str     0x0007373b      0x185 ./src/HKPD_program.o
                               0x3259 (size before relaxing)
 .debug_str     0x000738c0       0x9a ./src/HR2RDAC_program.o
                               0x3190 (size before relaxing)
 .debug_str     0x0007395a      0x13f ./src/HSTP_program.o
                               0x3244 (size before relaxing)
 .debug_str     0x00073a99      0x3da ./src/HTFT_program.o
                               0x34e0 (size before relaxing)
 .debug_str     0x00073e73      0x3bf ./src/MEXTI_program.o
                               0x326f (size before relaxing)
 .debug_str     0x00074232      0x251 ./src/MGPIO_program.o
                               0x33b0 (size before relaxing)
 .debug_str     0x00074483      0x36a ./src/MNVIC_program.o
                               0x3220 (size before relaxing)
 .debug_str     0x000747ed      0x490 ./src/MRCC_program.o
                               0x340c (size before relaxing)
 .debug_str     0x00074c7d      0xafe ./src/MRTC_program.o
                               0x3ee1 (size before relaxing)
 .debug_str     0x0007577b      0x503 ./src/MSPI_program.o
                               0x33d4 (size before relaxing)
 .debug_str     0x00075c7e      0x36c ./src/MSYSTICK_program.o
                               0x32a1 (size before relaxing)
 .debug_str     0x00075fea       0x31 ./src/_initialize_hardware.o
                              0x6f964 (size before relaxing)
 .debug_str     0x0007601b       0xe9 ./src/main.o
                               0x8173 (size before relaxing)
 .debug_str     0x00076104       0x3d ./src/stm32f4xx_hal_msp.o
                              0x6f6b5 (size before relaxing)

.debug_loc      0x00000000     0x29ae
 *(.debug_loc)
 .debug_loc     0x00000000       0x92 ./system/src/stm32f4-hal/stm32f4xx_hal.o
 .debug_loc     0x00000092      0x73b ./system/src/stm32f4-hal/stm32f4xx_hal_cortex.o
 .debug_loc     0x000007cd      0x50a ./system/src/stm32f4-hal/stm32f4xx_hal_rcc.o
 .debug_loc     0x00000cd7       0x85 ./system/src/newlib/_sbrk.o
 .debug_loc     0x00000d5c      0x2cb ./system/src/newlib/_startup.o
 .debug_loc     0x00001027       0x63 ./system/src/newlib/_syscalls.o
 .debug_loc     0x0000108a      0x134 ./system/src/newlib/assert.o
 .debug_loc     0x000011be       0xf6 ./system/src/diag/Trace.o
 .debug_loc     0x000012b4      0x121 ./system/src/diag/trace_impl.o
 .debug_loc     0x000013d5      0x291 ./system/src/cortexm/exception_handlers.o
 .debug_loc     0x00001666      0x13e ./system/src/cmsis/system_stm32f4xx.o
 .debug_loc     0x000017a4       0x1e ./src/HIR_program.o
 .debug_loc     0x000017c2       0xa7 ./src/HKPD_program.o
 .debug_loc     0x00001869       0x5b ./src/HR2RDAC_program.o
 .debug_loc     0x000018c4       0x86 ./src/HSTP_program.o
 .debug_loc     0x0000194a      0x2ea ./src/HTFT_program.o
 .debug_loc     0x00001c34      0x15c ./src/MEXTI_program.o
 .debug_loc     0x00001d90      0x4be ./src/MGPIO_program.o
 .debug_loc     0x0000224e      0x1df ./src/MNVIC_program.o
 .debug_loc     0x0000242d      0x1b0 ./src/MRCC_program.o
 .debug_loc     0x000025dd      0x2dd ./src/MRTC_program.o
 .debug_loc     0x000028ba       0x21 ./src/MSPI_program.o
 .debug_loc     0x000028db       0xc0 ./src/MSYSTICK_program.o
 .debug_loc     0x0000299b       0x13 ./src/main.o

.debug_macinfo
 *(.debug_macinfo)

.debug_weaknames
 *(.debug_weaknames)

.debug_funcnames
 *(.debug_funcnames)

.debug_typenames
 *(.debug_typenames)

.debug_varnames
 *(.debug_varnames)
OUTPUT(ARM_Based_Smart-Watch.elf elf32-littlearm)

.debug_ranges   0x00000000      0x718
 .debug_ranges  0x00000000       0xb0 ./system/src/stm32f4-hal/stm32f4xx_hal.o
 .debug_ranges  0x000000b0       0xe8 ./system/src/stm32f4-hal/stm32f4xx_hal_cortex.o
 .debug_ranges  0x00000198       0x78 ./system/src/stm32f4-hal/stm32f4xx_hal_rcc.o
 .debug_ranges  0x00000210       0x18 ./system/src/newlib/_exit.o
 .debug_ranges  0x00000228       0x10 ./system/src/newlib/_sbrk.o
 .debug_ranges  0x00000238       0x90 ./system/src/newlib/_startup.o
 .debug_ranges  0x000002c8       0x20 ./system/src/newlib/_syscalls.o
 .debug_ranges  0x000002e8       0x18 ./system/src/newlib/assert.o
 .debug_ranges  0x00000300       0x28 ./system/src/diag/Trace.o
 .debug_ranges  0x00000328       0x50 ./system/src/diag/trace_impl.o
 .debug_ranges  0x00000378       0x18 ./system/src/cortexm/_initialize_hardware.o
 .debug_ranges  0x00000390       0x80 ./system/src/cortexm/exception_handlers.o
 .debug_ranges  0x00000410       0x18 ./system/src/cmsis/system_stm32f4xx.o
 .debug_ranges  0x00000428       0x10 ./system/src/cmsis/vectors_stm32f401xc.o
 .debug_ranges  0x00000438       0x20 ./src/HIR_program.o
 .debug_ranges  0x00000458       0x30 ./src/HKPD_program.o
 .debug_ranges  0x00000488       0x18 ./src/HR2RDAC_program.o
 .debug_ranges  0x000004a0       0x18 ./src/HSTP_program.o
 .debug_ranges  0x000004b8       0x68 ./src/HTFT_program.o
 .debug_ranges  0x00000520       0x40 ./src/MEXTI_program.o
 .debug_ranges  0x00000560       0x40 ./src/MGPIO_program.o
 .debug_ranges  0x000005a0       0x40 ./src/MNVIC_program.o
 .debug_ranges  0x000005e0       0x20 ./src/MRCC_program.o
 .debug_ranges  0x00000600       0x48 ./src/MRTC_program.o
 .debug_ranges  0x00000648       0x18 ./src/MSPI_program.o
 .debug_ranges  0x00000660       0x60 ./src/MSYSTICK_program.o
 .debug_ranges  0x000006c0       0x18 ./src/_initialize_hardware.o
 .debug_ranges  0x000006d8       0x18 ./src/main.o
 .debug_ranges  0x000006f0       0x28 ./src/stm32f4xx_hal_msp.o

.debug_macro    0x00000000    0x15c98
 .debug_macro   0x00000000      0x532 ./system/src/stm32f4-hal/stm32f4xx_hal.o
 .debug_macro   0x00000532      0xa6c ./system/src/stm32f4-hal/stm32f4xx_hal.o
 .debug_macro   0x00000f9e      0x289 ./system/src/stm32f4-hal/stm32f4xx_hal.o
 .debug_macro   0x00001227       0x31 ./system/src/stm32f4-hal/stm32f4xx_hal.o
 .debug_macro   0x00001258       0x28 ./system/src/stm32f4-hal/stm32f4xx_hal.o
 .debug_macro   0x00001280      0x34e ./system/src/stm32f4-hal/stm32f4xx_hal.o
 .debug_macro   0x000015ce       0x35 ./system/src/stm32f4-hal/stm32f4xx_hal.o
 .debug_macro   0x00001603       0x50 ./system/src/stm32f4-hal/stm32f4xx_hal.o
 .debug_macro   0x00001653      0xe66 ./system/src/stm32f4-hal/stm32f4xx_hal.o
 .debug_macro   0x000024b9     0x5099 ./system/src/stm32f4-hal/stm32f4xx_hal.o
 .debug_macro   0x00007552       0x43 ./system/src/stm32f4-hal/stm32f4xx_hal.o
 .debug_macro   0x00007595     0x347f ./system/src/stm32f4-hal/stm32f4xx_hal.o
 .debug_macro   0x0000aa14       0x22 ./system/src/stm32f4-hal/stm32f4xx_hal.o
 .debug_macro   0x0000aa36       0x52 ./system/src/stm32f4-hal/stm32f4xx_hal.o
 .debug_macro   0x0000aa88       0x17 ./system/src/stm32f4-hal/stm32f4xx_hal.o
 .debug_macro   0x0000aa9f       0x8d ./system/src/stm32f4-hal/stm32f4xx_hal.o
 .debug_macro   0x0000ab2c       0x35 ./system/src/stm32f4-hal/stm32f4xx_hal.o
 .debug_macro   0x0000ab61       0x9c ./system/src/stm32f4-hal/stm32f4xx_hal.o
 .debug_macro   0x0000abfd       0x16 ./system/src/stm32f4-hal/stm32f4xx_hal.o
 .debug_macro   0x0000ac13       0x57 ./system/src/stm32f4-hal/stm32f4xx_hal.o
 .debug_macro   0x0000ac6a       0x97 ./system/src/stm32f4-hal/stm32f4xx_hal.o
 .debug_macro   0x0000ad01      0x330 ./system/src/stm32f4-hal/stm32f4xx_hal.o
 .debug_macro   0x0000b031       0xfd ./system/src/stm32f4-hal/stm32f4xx_hal.o
 .debug_macro   0x0000b12e       0x10 ./system/src/stm32f4-hal/stm32f4xx_hal.o
 .debug_macro   0x0000b13e       0x58 ./system/src/stm32f4-hal/stm32f4xx_hal.o
 .debug_macro   0x0000b196       0x1f ./system/src/stm32f4-hal/stm32f4xx_hal.o
 .debug_macro   0x0000b1b5       0x43 ./system/src/stm32f4-hal/stm32f4xx_hal.o
 .debug_macro   0x0000b1f8       0x20 ./system/src/stm32f4-hal/stm32f4xx_hal.o
 .debug_macro   0x0000b218      0x18e ./system/src/stm32f4-hal/stm32f4xx_hal.o
 .debug_macro   0x0000b3a6       0x10 ./system/src/stm32f4-hal/stm32f4xx_hal.o
 .debug_macro   0x0000b3b6       0x6a ./system/src/stm32f4-hal/stm32f4xx_hal.o
 .debug_macro   0x0000b420       0x1c ./system/src/stm32f4-hal/stm32f4xx_hal.o
 .debug_macro   0x0000b43c       0x52 ./system/src/stm32f4-hal/stm32f4xx_hal.o
 .debug_macro   0x0000b48e       0x40 ./system/src/stm32f4-hal/stm32f4xx_hal.o
 .debug_macro   0x0000b4ce       0x10 ./system/src/stm32f4-hal/stm32f4xx_hal.o
 .debug_macro   0x0000b4de       0x40 ./system/src/stm32f4-hal/stm32f4xx_hal.o
 .debug_macro   0x0000b51e       0xd7 ./system/src/stm32f4-hal/stm32f4xx_hal.o
 .debug_macro   0x0000b5f5       0x1c ./system/src/stm32f4-hal/stm32f4xx_hal.o
 .debug_macro   0x0000b611       0x3d ./system/src/stm32f4-hal/stm32f4xx_hal.o
 .debug_macro   0x0000b64e       0x16 ./system/src/stm32f4-hal/stm32f4xx_hal.o
 .debug_macro   0x0000b664      0x16f ./system/src/stm32f4-hal/stm32f4xx_hal.o
 .debug_macro   0x0000b7d3       0x57 ./system/src/stm32f4-hal/stm32f4xx_hal.o
 .debug_macro   0x0000b82a      0x424 ./system/src/stm32f4-hal/stm32f4xx_hal.o
 .debug_macro   0x0000bc4e      0x9e1 ./system/src/stm32f4-hal/stm32f4xx_hal.o
 .debug_macro   0x0000c62f      0x11e ./system/src/stm32f4-hal/stm32f4xx_hal.o
 .debug_macro   0x0000c74d       0xf8 ./system/src/stm32f4-hal/stm32f4xx_hal.o
 .debug_macro   0x0000c845       0x27 ./system/src/stm32f4-hal/stm32f4xx_hal.o
 .debug_macro   0x0000c86c      0x287 ./system/src/stm32f4-hal/stm32f4xx_hal.o
 .debug_macro   0x0000caf3       0x5f ./system/src/stm32f4-hal/stm32f4xx_hal.o
 .debug_macro   0x0000cb52      0x23a ./system/src/stm32f4-hal/stm32f4xx_hal.o
 .debug_macro   0x0000cd8c      0x391 ./system/src/stm32f4-hal/stm32f4xx_hal.o
 .debug_macro   0x0000d11d      0x16f ./system/src/stm32f4-hal/stm32f4xx_hal.o
 .debug_macro   0x0000d28c       0xf9 ./system/src/stm32f4-hal/stm32f4xx_hal.o
 .debug_macro   0x0000d385       0x23 ./system/src/stm32f4-hal/stm32f4xx_hal.o
 .debug_macro   0x0000d3a8      0x13a ./system/src/stm32f4-hal/stm32f4xx_hal.o
 .debug_macro   0x0000d4e2      0x23a ./system/src/stm32f4-hal/stm32f4xx_hal.o
 .debug_macro   0x0000d71c       0x2e ./system/src/stm32f4-hal/stm32f4xx_hal.o
 .debug_macro   0x0000d74a      0x1a7 ./system/src/stm32f4-hal/stm32f4xx_hal.o
 .debug_macro   0x0000d8f1       0x22 ./system/src/stm32f4-hal/stm32f4xx_hal.o
 .debug_macro   0x0000d913       0xa5 ./system/src/stm32f4-hal/stm32f4xx_hal.o
 .debug_macro   0x0000d9b8      0x18b ./system/src/stm32f4-hal/stm32f4xx_hal.o
 .debug_macro   0x0000db43       0x24 ./system/src/stm32f4-hal/stm32f4xx_hal.o
 .debug_macro   0x0000db67       0x35 ./system/src/stm32f4-hal/stm32f4xx_hal.o
 .debug_macro   0x0000db9c       0x79 ./system/src/stm32f4-hal/stm32f4xx_hal.o
 .debug_macro   0x0000dc15      0x11e ./system/src/stm32f4-hal/stm32f4xx_hal.o
 .debug_macro   0x0000dd33       0x85 ./system/src/stm32f4-hal/stm32f4xx_hal.o
 .debug_macro   0x0000ddb8       0x89 ./system/src/stm32f4-hal/stm32f4xx_hal.o
 .debug_macro   0x0000de41      0x31a ./system/src/stm32f4-hal/stm32f4xx_hal.o
 .debug_macro   0x0000e15b      0x409 ./system/src/stm32f4-hal/stm32f4xx_hal.o
 .debug_macro   0x0000e564       0xe4 ./system/src/stm32f4-hal/stm32f4xx_hal.o
 .debug_macro   0x0000e648      0x48d ./system/src/stm32f4-hal/stm32f4xx_hal.o
 .debug_macro   0x0000ead5      0x22b ./system/src/stm32f4-hal/stm32f4xx_hal.o
 .debug_macro   0x0000ed00      0x202 ./system/src/stm32f4-hal/stm32f4xx_hal.o
 .debug_macro   0x0000ef02      0x6d9 ./system/src/stm32f4-hal/stm32f4xx_hal.o
 .debug_macro   0x0000f5db       0x5b ./system/src/stm32f4-hal/stm32f4xx_hal.o
 .debug_macro   0x0000f636      0x14d ./system/src/stm32f4-hal/stm32f4xx_hal.o
 .debug_macro   0x0000f783      0x287 ./system/src/stm32f4-hal/stm32f4xx_hal.o
 .debug_macro   0x0000fa0a      0x225 ./system/src/stm32f4-hal/stm32f4xx_hal.o
 .debug_macro   0x0000fc2f      0x1b5 ./system/src/stm32f4-hal/stm32f4xx_hal.o
 .debug_macro   0x0000fde4      0x2db ./system/src/stm32f4-hal/stm32f4xx_hal.o
 .debug_macro   0x000100bf       0x89 ./system/src/stm32f4-hal/stm32f4xx_hal.o
 .debug_macro   0x00010148      0x1df ./system/src/stm32f4-hal/stm32f4xx_hal.o
 .debug_macro   0x00010327      0x115 ./system/src/stm32f4-hal/stm32f4xx_hal.o
 .debug_macro   0x0001043c       0x6e ./system/src/stm32f4-hal/stm32f4xx_hal.o
 .debug_macro   0x000104aa      0x11e ./system/src/stm32f4-hal/stm32f4xx_hal.o
 .debug_macro   0x000105c8      0x4e4 ./system/src/stm32f4-hal/stm32f4xx_hal_cortex.o
 .debug_macro   0x00010aac      0x50e ./system/src/stm32f4-hal/stm32f4xx_hal_rcc.o
 .debug_macro   0x00010fba      0x1b4 ./system/src/newlib/_exit.o
 .debug_macro   0x0001116e      0x10e ./system/src/newlib/_exit.o
 .debug_macro   0x0001127c       0x8d ./system/src/newlib/_exit.o
 .debug_macro   0x00011309       0x35 ./system/src/newlib/_exit.o
 .debug_macro   0x0001133e      0x169 ./system/src/newlib/_sbrk.o
 .debug_macro   0x000114a7      0x174 ./system/src/newlib/_sbrk.o
 .debug_macro   0x0001161b       0x10 ./system/src/newlib/_sbrk.o
 .debug_macro   0x0001162b      0x23b ./system/src/newlib/_sbrk.o
 .debug_macro   0x00011866      0x173 ./system/src/newlib/_startup.o
 .debug_macro   0x000119d9      0xa72 ./system/src/newlib/_startup.o
 .debug_macro   0x0001244b      0x217 ./system/src/newlib/_syscalls.o
 .debug_macro   0x00012662       0x1c ./system/src/newlib/_syscalls.o
 .debug_macro   0x0001267e       0x10 ./system/src/newlib/_syscalls.o
 .debug_macro   0x0001268e       0x10 ./system/src/newlib/_syscalls.o
 .debug_macro   0x0001269e       0x10 ./system/src/newlib/_syscalls.o
 .debug_macro   0x000126ae       0x35 ./system/src/newlib/_syscalls.o
 .debug_macro   0x000126e3      0x122 ./system/src/newlib/_syscalls.o
 .debug_macro   0x00012805       0x88 ./system/src/newlib/_syscalls.o
 .debug_macro   0x0001288d       0x2b ./system/src/newlib/_syscalls.o
 .debug_macro   0x000128b8      0x118 ./system/src/newlib/_syscalls.o
 .debug_macro   0x000129d0      0x189 ./system/src/newlib/_syscalls.o
 .debug_macro   0x00012b59       0x16 ./system/src/newlib/_syscalls.o
 .debug_macro   0x00012b6f      0x1d0 ./system/src/newlib/assert.o
 .debug_macro   0x00012d3f       0x1c ./system/src/newlib/assert.o
 .debug_macro   0x00012d5b      0x1fb ./system/src/diag/Trace.o
 .debug_macro   0x00012f56       0x4c ./system/src/diag/Trace.o
 .debug_macro   0x00012fa2       0x16 ./system/src/diag/Trace.o
 .debug_macro   0x00012fb8      0x52a ./system/src/diag/trace_impl.o
 .debug_macro   0x000134e2       0x22 ./system/src/diag/trace_impl.o
 .debug_macro   0x00013504      0x4ee ./system/src/cortexm/_initialize_hardware.o
 .debug_macro   0x000139f2      0x557 ./system/src/cortexm/exception_handlers.o
 .debug_macro   0x00013f49       0x3b ./system/src/cortexm/exception_handlers.o
 .debug_macro   0x00013f84      0x4ea ./system/src/cmsis/system_stm32f4xx.o
 .debug_macro   0x0001446e       0x34 ./system/src/cmsis/vectors_stm32f401xc.o
 .debug_macro   0x000144a2       0x40 ./src/HIR_program.o
 .debug_macro   0x000144e2       0x22 ./src/HIR_program.o
 .debug_macro   0x00014504       0x16 ./src/HIR_program.o
 .debug_macro   0x0001451a       0xee ./src/HIR_program.o
 .debug_macro   0x00014608       0x49 ./src/HKPD_program.o
 .debug_macro   0x00014651       0x58 ./src/HKPD_program.o
 .debug_macro   0x000146a9       0x40 ./src/HR2RDAC_program.o
 .debug_macro   0x000146e9       0x53 ./src/HSTP_program.o
 .debug_macro   0x0001473c       0x2e ./src/HSTP_program.o
 .debug_macro   0x0001476a       0x5c ./src/HTFT_program.o
 .debug_macro   0x000147c6       0x6a ./src/HTFT_program.o
 .debug_macro   0x00014830       0x40 ./src/HTFT_program.o
 .debug_macro   0x00014870       0x40 ./src/MEXTI_program.o
 .debug_macro   0x000148b0       0x2e ./src/MEXTI_program.o
 .debug_macro   0x000148de       0x3f ./src/MGPIO_program.o
 .debug_macro   0x0001491d       0x2e ./src/MGPIO_program.o
 .debug_macro   0x0001494b       0x3f ./src/MNVIC_program.o
 .debug_macro   0x0001498a       0x2e ./src/MNVIC_program.o
 .debug_macro   0x000149b8       0x28 ./src/MNVIC_program.o
 .debug_macro   0x000149e0       0x3e ./src/MRCC_program.o
 .debug_macro   0x00014a1e       0xd0 ./src/MRCC_program.o
 .debug_macro   0x00014aee       0x16 ./src/MRCC_program.o
 .debug_macro   0x00014b04       0x88 ./src/MRCC_program.o
 .debug_macro   0x00014b8c       0x71 ./src/MRTC_program.o
 .debug_macro   0x00014bfd       0x7c ./src/MRTC_program.o
 .debug_macro   0x00014c79      0x1ad ./src/MRTC_program.o
 .debug_macro   0x00014e26       0x1c ./src/MRTC_program.o
 .debug_macro   0x00014e42       0x3f ./src/MSPI_program.o
 .debug_macro   0x00014e81       0x46 ./src/MSPI_program.o
 .debug_macro   0x00014ec7      0x10c ./src/MSPI_program.o
 .debug_macro   0x00014fd3       0x3f ./src/MSYSTICK_program.o
 .debug_macro   0x00015012       0x5e ./src/MSYSTICK_program.o
 .debug_macro   0x00015070       0x1c ./src/MSYSTICK_program.o
 .debug_macro   0x0001508c      0x4e4 ./src/_initialize_hardware.o
 .debug_macro   0x00015570      0x244 ./src/main.o
 .debug_macro   0x000157b4      0x4e4 ./src/stm32f4xx_hal_msp.o
